// Validating benchmarks:
// ***** BenchmarkRunner: Start   *****
// ***** Found 91 benchmark(s) in total *****
// ***** Building 1 exe(s) in Parallel: Start   *****
Unable to find .sln or .csproj file. Will use current directory /media/andrew/Slowverflow/x/devs/reilly-digital/dotnet/enumerations.options to search for project file. If you don't use .sln file on purpose it should not be a problem.
// start dotnet  restore --nodeReuse:false /p:UseSharedCompilation=false /p:Deterministic=true /p:Optimize=true /p:ArtifactsPath="/media/andrew/Slowverflow/x/devs/reilly-digital/dotnet/enumerations.options/src/Enumerations.Options.Benchmarks/bin/Debug/net10.0/Enumerations.Options.Benchmarks-.NET 10.0-1/" /p:OutDir="/media/andrew/Slowverflow/x/devs/reilly-digital/dotnet/enumerations.options/src/Enumerations.Options.Benchmarks/bin/Debug/net10.0/Enumerations.Options.Benchmarks-.NET 10.0-1/bin/Release/net10.0/" /p:OutputPath="/media/andrew/Slowverflow/x/devs/reilly-digital/dotnet/enumerations.options/src/Enumerations.Options.Benchmarks/bin/Debug/net10.0/Enumerations.Options.Benchmarks-.NET 10.0-1/bin/Release/net10.0/" /p:PublishDir="/media/andrew/Slowverflow/x/devs/reilly-digital/dotnet/enumerations.options/src/Enumerations.Options.Benchmarks/bin/Debug/net10.0/Enumerations.Options.Benchmarks-.NET 10.0-1/publish/" in /media/andrew/Slowverflow/x/devs/reilly-digital/dotnet/enumerations.options/src/Enumerations.Options.Benchmarks/bin/Debug/net10.0/Enumerations.Options.Benchmarks-.NET 10.0-1
// command took 1.66 sec and exited with 0
// start dotnet  build -c Release --no-restore --nodeReuse:false /p:UseSharedCompilation=false /p:Deterministic=true /p:Optimize=true /p:ArtifactsPath="/media/andrew/Slowverflow/x/devs/reilly-digital/dotnet/enumerations.options/src/Enumerations.Options.Benchmarks/bin/Debug/net10.0/Enumerations.Options.Benchmarks-.NET 10.0-1/" /p:OutDir="/media/andrew/Slowverflow/x/devs/reilly-digital/dotnet/enumerations.options/src/Enumerations.Options.Benchmarks/bin/Debug/net10.0/Enumerations.Options.Benchmarks-.NET 10.0-1/bin/Release/net10.0/" /p:OutputPath="/media/andrew/Slowverflow/x/devs/reilly-digital/dotnet/enumerations.options/src/Enumerations.Options.Benchmarks/bin/Debug/net10.0/Enumerations.Options.Benchmarks-.NET 10.0-1/bin/Release/net10.0/" /p:PublishDir="/media/andrew/Slowverflow/x/devs/reilly-digital/dotnet/enumerations.options/src/Enumerations.Options.Benchmarks/bin/Debug/net10.0/Enumerations.Options.Benchmarks-.NET 10.0-1/publish/" --output "/media/andrew/Slowverflow/x/devs/reilly-digital/dotnet/enumerations.options/src/Enumerations.Options.Benchmarks/bin/Debug/net10.0/Enumerations.Options.Benchmarks-.NET 10.0-1/bin/Release/net10.0/" in /media/andrew/Slowverflow/x/devs/reilly-digital/dotnet/enumerations.options/src/Enumerations.Options.Benchmarks/bin/Debug/net10.0/Enumerations.Options.Benchmarks-.NET 10.0-1
// command took 12.69 sec and exited with 0
// ***** Done, took 00:00:14 (14.56 sec)   *****
// Found 91 benchmarks:
//   Scenario1.S1_CheckOptionStringErrorNoMessage_ArdalisResult: .NET 10.0(Runtime=.NET 10.0, IterationTime=100ms) [Iterations=2]
//   Scenario1.S1_CheckOptionStringErrorNoMessage_EnumerationsOptionsBoxed: .NET 10.0(Runtime=.NET 10.0, IterationTime=100ms) [Iterations=2]
//   Scenario1.S1_CheckOptionStringErrorNoMessage_EnumerationsOptions: .NET 10.0(Runtime=.NET 10.0, IterationTime=100ms) [Iterations=2]
//   Scenario1.S1_CheckOptionStringErrorNoMessage_FluentResults: .NET 10.0(Runtime=.NET 10.0, IterationTime=100ms) [Iterations=2]
//   Scenario1.S1_CheckOptionStringErrorNoMessage_LightResults: .NET 10.0(Runtime=.NET 10.0, IterationTime=100ms) [Iterations=2]
//   Scenario1.S1_CheckOptionStringErrorNoMessage_Rascal: .NET 10.0(Runtime=.NET 10.0, IterationTime=100ms) [Iterations=2]
//   Scenario1.S1_CheckOptionStringErrorNoMessage_SimpleResults: .NET 10.0(Runtime=.NET 10.0, IterationTime=100ms) [Iterations=2]
//   Scenario1.S1_CheckOptionStringErrorWithMessage_ArdalisResult: .NET 10.0(Runtime=.NET 10.0, IterationTime=100ms) [Iterations=2]
//   Scenario1.S1_CheckOptionStringErrorWithMessage_EnumerationsOptionsBoxed: .NET 10.0(Runtime=.NET 10.0, IterationTime=100ms) [Iterations=2]
//   Scenario1.S1_CheckOptionStringErrorWithMessage_EnumerationsOptions: .NET 10.0(Runtime=.NET 10.0, IterationTime=100ms) [Iterations=2]
//   Scenario1.S1_CheckOptionStringErrorWithMessage_FluentResults: .NET 10.0(Runtime=.NET 10.0, IterationTime=100ms) [Iterations=2]
//   Scenario1.S1_CheckOptionStringErrorWithMessage_LightResults: .NET 10.0(Runtime=.NET 10.0, IterationTime=100ms) [Iterations=2]
//   Scenario1.S1_CheckOptionStringErrorWithMessage_Rascal: .NET 10.0(Runtime=.NET 10.0, IterationTime=100ms) [Iterations=2]
//   Scenario1.S1_CheckOptionStringErrorWithMessage_SimpleResults: .NET 10.0(Runtime=.NET 10.0, IterationTime=100ms) [Iterations=2]
//   Scenario1.S1_CheckOptionStringSuccess_ArdalisResult: .NET 10.0(Runtime=.NET 10.0, IterationTime=100ms) [Iterations=2]
//   Scenario1.S1_CheckOptionStringSuccess_EnumerationsOptionsBoxed: .NET 10.0(Runtime=.NET 10.0, IterationTime=100ms) [Iterations=2]
//   Scenario1.S1_CheckOptionStringSuccess_EnumerationsOptions: .NET 10.0(Runtime=.NET 10.0, IterationTime=100ms) [Iterations=2]
//   Scenario1.S1_CheckOptionStringSuccess_FluentResults: .NET 10.0(Runtime=.NET 10.0, IterationTime=100ms) [Iterations=2]
//   Scenario1.S1_CheckOptionStringSuccess_LightResults: .NET 10.0(Runtime=.NET 10.0, IterationTime=100ms) [Iterations=2]
//   Scenario1.S1_CheckOptionStringSuccess_Rascal: .NET 10.0(Runtime=.NET 10.0, IterationTime=100ms) [Iterations=2]
//   Scenario1.S1_CheckOptionStringSuccess_SimpleResults: .NET 10.0(Runtime=.NET 10.0, IterationTime=100ms) [Iterations=2]
//   Scenario1.S1_CheckVoidErrorNoMessage_ArdalisResult: .NET 10.0(Runtime=.NET 10.0, IterationTime=100ms) [Iterations=2]
//   Scenario1.S1_CheckVoidErrorNoMessage_EnumerationsOptionsBoxed: .NET 10.0(Runtime=.NET 10.0, IterationTime=100ms) [Iterations=2]
//   Scenario1.S1_CheckVoidErrorNoMessage_EnumerationsOptions: .NET 10.0(Runtime=.NET 10.0, IterationTime=100ms) [Iterations=2]
//   Scenario1.S1_CheckVoidErrorNoMessage_FluentResults: .NET 10.0(Runtime=.NET 10.0, IterationTime=100ms) [Iterations=2]
//   Scenario1.S1_CheckVoidErrorNoMessage_LightResults: .NET 10.0(Runtime=.NET 10.0, IterationTime=100ms) [Iterations=2]
//   Scenario1.S1_CheckVoidErrorNoMessage_Rascal: .NET 10.0(Runtime=.NET 10.0, IterationTime=100ms) [Iterations=2]
//   Scenario1.S1_CheckVoidErrorNoMessage_SimpleResults: .NET 10.0(Runtime=.NET 10.0, IterationTime=100ms) [Iterations=2]
//   Scenario1.S1_CheckVoidErrorWithMessage_ArdalisResult: .NET 10.0(Runtime=.NET 10.0, IterationTime=100ms) [Iterations=2]
//   Scenario1.S1_CheckVoidErrorWithMessage_EnumerationsOptionsBoxed: .NET 10.0(Runtime=.NET 10.0, IterationTime=100ms) [Iterations=2]
//   Scenario1.S1_CheckVoidErrorWithMessage_EnumerationsOptions: .NET 10.0(Runtime=.NET 10.0, IterationTime=100ms) [Iterations=2]
//   Scenario1.S1_CheckVoidErrorWithMessage_FluentResults: .NET 10.0(Runtime=.NET 10.0, IterationTime=100ms) [Iterations=2]
//   Scenario1.S1_CheckVoidErrorWithMessage_LightResults: .NET 10.0(Runtime=.NET 10.0, IterationTime=100ms) [Iterations=2]
//   Scenario1.S1_CheckVoidErrorWithMessage_Rascal: .NET 10.0(Runtime=.NET 10.0, IterationTime=100ms) [Iterations=2]
//   Scenario1.S1_CheckVoidErrorWithMessage_SimpleResults: .NET 10.0(Runtime=.NET 10.0, IterationTime=100ms) [Iterations=2]
//   Scenario1.S1_CheckVoidSuccess_ArdalisResult: .NET 10.0(Runtime=.NET 10.0, IterationTime=100ms) [Iterations=2]
//   Scenario1.S1_CheckVoidSuccess_EnumerationsOptionsBoxed: .NET 10.0(Runtime=.NET 10.0, IterationTime=100ms) [Iterations=2]
//   Scenario1.S1_CheckVoidSuccess_EnumerationsOptions: .NET 10.0(Runtime=.NET 10.0, IterationTime=100ms) [Iterations=2]
//   Scenario1.S1_CheckVoidSuccess_FluentResults: .NET 10.0(Runtime=.NET 10.0, IterationTime=100ms) [Iterations=2]
//   Scenario1.S1_CheckVoidSuccess_LightResults: .NET 10.0(Runtime=.NET 10.0, IterationTime=100ms) [Iterations=2]
//   Scenario1.S1_CheckVoidSuccess_Rascal: .NET 10.0(Runtime=.NET 10.0, IterationTime=100ms) [Iterations=2]
//   Scenario1.S1_CheckVoidSuccess_SimpleResults: .NET 10.0(Runtime=.NET 10.0, IterationTime=100ms) [Iterations=2]
//   Scenario1.S1_ReturnOptionStringErrorNoMessage_ArdalisResult: .NET 10.0(Runtime=.NET 10.0, IterationTime=100ms) [Iterations=2]
//   Scenario1.S1_ReturnOptionStringErrorNoMessage_EnumerationsOptionsBoxed: .NET 10.0(Runtime=.NET 10.0, IterationTime=100ms) [Iterations=2]
//   Scenario1.S1_ReturnOptionStringErrorNoMessage_EnumerationsOptions: .NET 10.0(Runtime=.NET 10.0, IterationTime=100ms) [Iterations=2]
//   Scenario1.S1_ReturnOptionStringErrorNoMessage_FluentResults: .NET 10.0(Runtime=.NET 10.0, IterationTime=100ms) [Iterations=2]
//   Scenario1.S1_ReturnOptionStringErrorNoMessage_LightResults: .NET 10.0(Runtime=.NET 10.0, IterationTime=100ms) [Iterations=2]
//   Scenario1.S1_ReturnOptionStringErrorNoMessage_Rascal: .NET 10.0(Runtime=.NET 10.0, IterationTime=100ms) [Iterations=2]
//   Scenario1.S1_ReturnOptionStringErrorNoMessage_SimpleResults: .NET 10.0(Runtime=.NET 10.0, IterationTime=100ms) [Iterations=2]
//   Scenario1.S1_ReturnOptionStringErrorWithMessage_ArdalisResult: .NET 10.0(Runtime=.NET 10.0, IterationTime=100ms) [Iterations=2]
//   Scenario1.S1_ReturnOptionStringErrorWithMessage_EnumerationsOptionsBoxed: .NET 10.0(Runtime=.NET 10.0, IterationTime=100ms) [Iterations=2]
//   Scenario1.S1_ReturnOptionStringErrorWithMessage_EnumerationsOptions: .NET 10.0(Runtime=.NET 10.0, IterationTime=100ms) [Iterations=2]
//   Scenario1.S1_ReturnOptionStringErrorWithMessage_FluentResults: .NET 10.0(Runtime=.NET 10.0, IterationTime=100ms) [Iterations=2]
//   Scenario1.S1_ReturnOptionStringErrorWithMessage_LightResults: .NET 10.0(Runtime=.NET 10.0, IterationTime=100ms) [Iterations=2]
//   Scenario1.S1_ReturnOptionStringErrorWithMessage_Rascal: .NET 10.0(Runtime=.NET 10.0, IterationTime=100ms) [Iterations=2]
//   Scenario1.S1_ReturnOptionStringErrorWithMessage_SimpleResults: .NET 10.0(Runtime=.NET 10.0, IterationTime=100ms) [Iterations=2]
//   Scenario1.S1_ReturnOptionStringNone_ArdalisResult: .NET 10.0(Runtime=.NET 10.0, IterationTime=100ms) [Iterations=2]
//   Scenario1.S1_ReturnOptionStringNone_EnumerationsOptionsBoxed: .NET 10.0(Runtime=.NET 10.0, IterationTime=100ms) [Iterations=2]
//   Scenario1.S1_ReturnOptionStringNone_EnumerationsOptions: .NET 10.0(Runtime=.NET 10.0, IterationTime=100ms) [Iterations=2]
//   Scenario1.S1_ReturnOptionStringNone_FluentResults: .NET 10.0(Runtime=.NET 10.0, IterationTime=100ms) [Iterations=2]
//   Scenario1.S1_ReturnOptionStringNone_LightResults: .NET 10.0(Runtime=.NET 10.0, IterationTime=100ms) [Iterations=2]
//   Scenario1.S1_ReturnOptionStringNone_Rascal: .NET 10.0(Runtime=.NET 10.0, IterationTime=100ms) [Iterations=2]
//   Scenario1.S1_ReturnOptionStringNone_SimpleResults: .NET 10.0(Runtime=.NET 10.0, IterationTime=100ms) [Iterations=2]
//   Scenario1.S1_ReturnOptionStringSuccess_ArdalisResult: .NET 10.0(Runtime=.NET 10.0, IterationTime=100ms) [Iterations=2]
//   Scenario1.S1_ReturnOptionStringSuccess_EnumerationsOptionsBoxed: .NET 10.0(Runtime=.NET 10.0, IterationTime=100ms) [Iterations=2]
//   Scenario1.S1_ReturnOptionStringSuccess_EnumerationsOptions: .NET 10.0(Runtime=.NET 10.0, IterationTime=100ms) [Iterations=2]
//   Scenario1.S1_ReturnOptionStringSuccess_FluentResults: .NET 10.0(Runtime=.NET 10.0, IterationTime=100ms) [Iterations=2]
//   Scenario1.S1_ReturnOptionStringSuccess_LightResults: .NET 10.0(Runtime=.NET 10.0, IterationTime=100ms) [Iterations=2]
//   Scenario1.S1_ReturnOptionStringSuccess_Rascal: .NET 10.0(Runtime=.NET 10.0, IterationTime=100ms) [Iterations=2]
//   Scenario1.S1_ReturnOptionStringSuccess_SimpleResults: .NET 10.0(Runtime=.NET 10.0, IterationTime=100ms) [Iterations=2]
//   Scenario1.S1_ReturnVoidErrorNoMessage_ArdalisResult: .NET 10.0(Runtime=.NET 10.0, IterationTime=100ms) [Iterations=2]
//   Scenario1.S1_ReturnVoidErrorNoMessage_EnumerationsOptionsBoxed: .NET 10.0(Runtime=.NET 10.0, IterationTime=100ms) [Iterations=2]
//   Scenario1.S1_ReturnVoidErrorNoMessage_EnumerationsOptions: .NET 10.0(Runtime=.NET 10.0, IterationTime=100ms) [Iterations=2]
//   Scenario1.S1_ReturnVoidErrorNoMessage_FluentResults: .NET 10.0(Runtime=.NET 10.0, IterationTime=100ms) [Iterations=2]
//   Scenario1.S1_ReturnVoidErrorNoMessage_LightResults: .NET 10.0(Runtime=.NET 10.0, IterationTime=100ms) [Iterations=2]
//   Scenario1.S1_ReturnVoidErrorNoMessage_Rascal: .NET 10.0(Runtime=.NET 10.0, IterationTime=100ms) [Iterations=2]
//   Scenario1.S1_ReturnVoidErrorNoMessage_SimpleResults: .NET 10.0(Runtime=.NET 10.0, IterationTime=100ms) [Iterations=2]
//   Scenario1.S1_ReturnVoidErrorWithMessage_ArdalisResult: .NET 10.0(Runtime=.NET 10.0, IterationTime=100ms) [Iterations=2]
//   Scenario1.S1_ReturnVoidErrorWithMessage_EnumerationsOptionsBoxed: .NET 10.0(Runtime=.NET 10.0, IterationTime=100ms) [Iterations=2]
//   Scenario1.S1_ReturnVoidErrorWithMessage_EnumerationsOptions: .NET 10.0(Runtime=.NET 10.0, IterationTime=100ms) [Iterations=2]
//   Scenario1.S1_ReturnVoidErrorWithMessage_FluentResults: .NET 10.0(Runtime=.NET 10.0, IterationTime=100ms) [Iterations=2]
//   Scenario1.S1_ReturnVoidErrorWithMessage_LightResults: .NET 10.0(Runtime=.NET 10.0, IterationTime=100ms) [Iterations=2]
//   Scenario1.S1_ReturnVoidErrorWithMessage_Rascal: .NET 10.0(Runtime=.NET 10.0, IterationTime=100ms) [Iterations=2]
//   Scenario1.S1_ReturnVoidErrorWithMessage_SimpleResults: .NET 10.0(Runtime=.NET 10.0, IterationTime=100ms) [Iterations=2]
//   Scenario1.S1_ReturnVoidSuccess_ArdalisResult: .NET 10.0(Runtime=.NET 10.0, IterationTime=100ms) [Iterations=2]
//   Scenario1.S1_ReturnVoidSuccess_EnumerationsOptionsBoxed: .NET 10.0(Runtime=.NET 10.0, IterationTime=100ms) [Iterations=2]
//   Scenario1.S1_ReturnVoidSuccess_EnumerationsOptions: .NET 10.0(Runtime=.NET 10.0, IterationTime=100ms) [Iterations=2]
//   Scenario1.S1_ReturnVoidSuccess_FluentResults: .NET 10.0(Runtime=.NET 10.0, IterationTime=100ms) [Iterations=2]
//   Scenario1.S1_ReturnVoidSuccess_LightResults: .NET 10.0(Runtime=.NET 10.0, IterationTime=100ms) [Iterations=2]
//   Scenario1.S1_ReturnVoidSuccess_Rascal: .NET 10.0(Runtime=.NET 10.0, IterationTime=100ms) [Iterations=2]
//   Scenario1.S1_ReturnVoidSuccess_SimpleResults: .NET 10.0(Runtime=.NET 10.0, IterationTime=100ms) [Iterations=2]

// **************************
// Benchmark: Scenario1.S1_CheckOptionStringErrorNoMessage_ArdalisResult: .NET 10.0(Runtime=.NET 10.0, IterationTime=100ms) [Iterations=2]
// *** Execute ***
// Launch: 1 / 1
// Execute: dotnet "Enumerations.Options.Benchmarks-.NET 10.0-1.dll" --anonymousPipes 116 118 --benchmarkName "ReillyDigital.Enumerations.Options.Benchmarks.Scenarios.Scenario1.S1_CheckOptionStringErrorNoMessage_ArdalisResult(Iterations: 2)" --job ".NET 10.0" --benchmarkId 0 in /media/andrew/Slowverflow/x/devs/reilly-digital/dotnet/enumerations.options/src/Enumerations.Options.Benchmarks/bin/Debug/net10.0/Enumerations.Options.Benchmarks-.NET 10.0-1/bin/Release/net10.0
// Failed to set up high priority (Permission denied). In order to run benchmarks with high priority, make sure you have the right permissions.
// BeforeAnythingElse

// Benchmark Process Environment Information:
// BenchmarkDotNet v0.15.8
// Runtime=.NET 10.0.3 (10.0.3, 10.0.326.7603), X64 RyuJIT x86-64-v3
// GC=Concurrent Workstation
// HardwareIntrinsics=AVX2+BMI1+BMI2+F16C+FMA+LZCNT+MOVBE,AVX,SSE3+SSSE3+SSE4.1+SSE4.2+POPCNT,X86Base+SSE+SSE2,AES+PCLMUL VectorSize=256
// Job: .NET 10.0(IterationTime=100ms)

OverheadJitting  1: 1 op, 166615.00 ns, 166.6150 us/op
WorkloadJitting  1: 1 op, 2753614.00 ns, 2.7536 ms/op

OverheadJitting  2: 16 op, 200901.00 ns, 12.5563 us/op
WorkloadJitting  2: 16 op, 233522.00 ns, 14.5951 us/op

WorkloadPilot    1: 16 op, 3056.00 ns, 191.0000 ns/op
WorkloadPilot    2: 523568 op, 56190985.00 ns, 107.3232 ns/op
WorkloadPilot    3: 931776 op, 91186770.00 ns, 97.8634 ns/op
WorkloadPilot    4: 1021840 op, 47196625.00 ns, 46.1879 ns/op
WorkloadPilot    5: 2165072 op, 46936954.00 ns, 21.6792 ns/op
WorkloadPilot    6: 4612736 op, 93179292.00 ns, 20.2004 ns/op
WorkloadPilot    7: 4950400 op, 99260586.00 ns, 20.0510 ns/op
WorkloadPilot    8: 4987280 op, 99647369.00 ns, 19.9803 ns/op
WorkloadPilot    9: 5004944 op, 96789277.00 ns, 19.3387 ns/op
WorkloadPilot   10: 5170976 op, 100354668.00 ns, 19.4073 ns/op
WorkloadPilot   11: 5152704 op, 100692979.00 ns, 19.5418 ns/op
WorkloadPilot   12: 5117248 op, 99683618.00 ns, 19.4799 ns/op
WorkloadPilot   13: 5133504 op, 102658150.00 ns, 19.9977 ns/op

OverheadWarmup   1: 5133504 op, 13052224.00 ns, 2.5426 ns/op
OverheadWarmup   2: 5133504 op, 12992751.00 ns, 2.5310 ns/op
OverheadWarmup   3: 5133504 op, 13920989.00 ns, 2.7118 ns/op
OverheadWarmup   4: 5133504 op, 13620691.00 ns, 2.6533 ns/op
OverheadWarmup   5: 5133504 op, 13422214.00 ns, 2.6146 ns/op
OverheadWarmup   6: 5133504 op, 13571978.00 ns, 2.6438 ns/op
OverheadWarmup   7: 5133504 op, 13416564.00 ns, 2.6135 ns/op

OverheadActual   1: 5133504 op, 14274038.00 ns, 2.7806 ns/op
OverheadActual   2: 5133504 op, 12890357.00 ns, 2.5110 ns/op
OverheadActual   3: 5133504 op, 13132356.00 ns, 2.5582 ns/op
OverheadActual   4: 5133504 op, 13024121.00 ns, 2.5371 ns/op
OverheadActual   5: 5133504 op, 12981190.00 ns, 2.5287 ns/op
OverheadActual   6: 5133504 op, 12886941.00 ns, 2.5104 ns/op
OverheadActual   7: 5133504 op, 12833560.00 ns, 2.5000 ns/op
OverheadActual   8: 5133504 op, 12975769.00 ns, 2.5277 ns/op
OverheadActual   9: 5133504 op, 12884065.00 ns, 2.5098 ns/op
OverheadActual  10: 5133504 op, 13328387.00 ns, 2.5964 ns/op
OverheadActual  11: 5133504 op, 12822819.00 ns, 2.4979 ns/op
OverheadActual  12: 5133504 op, 12852155.00 ns, 2.5036 ns/op
OverheadActual  13: 5133504 op, 12822950.00 ns, 2.4979 ns/op
OverheadActual  14: 5133504 op, 12888294.00 ns, 2.5106 ns/op
OverheadActual  15: 5133504 op, 12154204.00 ns, 2.3676 ns/op

WorkloadWarmup   1: 5133504 op, 102401944.00 ns, 19.9478 ns/op
WorkloadWarmup   2: 5133504 op, 100831481.00 ns, 19.6418 ns/op
WorkloadWarmup   3: 5133504 op, 106953232.00 ns, 20.8344 ns/op
WorkloadWarmup   4: 5133504 op, 98907478.00 ns, 19.2670 ns/op
WorkloadWarmup   5: 5133504 op, 99439665.00 ns, 19.3707 ns/op
WorkloadWarmup   6: 5133504 op, 100852891.00 ns, 19.6460 ns/op
WorkloadWarmup   7: 5133504 op, 99126112.00 ns, 19.3096 ns/op

// BeforeActualRun
WorkloadActual   1: 5133504 op, 103285387.00 ns, 20.1199 ns/op
WorkloadActual   2: 5133504 op, 100045342.00 ns, 19.4887 ns/op
WorkloadActual   3: 5133504 op, 102942478.00 ns, 20.0531 ns/op
WorkloadActual   4: 5133504 op, 98725573.00 ns, 19.2316 ns/op
WorkloadActual   5: 5133504 op, 115369559.00 ns, 22.4738 ns/op
WorkloadActual   6: 5133504 op, 116740304.00 ns, 22.7409 ns/op
WorkloadActual   7: 5133504 op, 99655164.00 ns, 19.4127 ns/op
WorkloadActual   8: 5133504 op, 98045686.00 ns, 19.0992 ns/op
WorkloadActual   9: 5133504 op, 98755811.00 ns, 19.2375 ns/op
WorkloadActual  10: 5133504 op, 97835268.00 ns, 19.0582 ns/op
WorkloadActual  11: 5133504 op, 100104555.00 ns, 19.5002 ns/op
WorkloadActual  12: 5133504 op, 97894039.00 ns, 19.0696 ns/op
WorkloadActual  13: 5133504 op, 99109580.00 ns, 19.3064 ns/op
WorkloadActual  14: 5133504 op, 97264367.00 ns, 18.9470 ns/op
WorkloadActual  15: 5133504 op, 97467020.00 ns, 18.9865 ns/op
WorkloadActual  16: 5133504 op, 99626540.00 ns, 19.4071 ns/op
WorkloadActual  17: 5133504 op, 99230840.00 ns, 19.3300 ns/op

// AfterActualRun
WorkloadResult   1: 5133504 op, 87157048.00 ns, 16.9781 ns/op
WorkloadResult   2: 5133504 op, 90054184.00 ns, 17.5424 ns/op
WorkloadResult   3: 5133504 op, 85837279.00 ns, 16.7210 ns/op
WorkloadResult   4: 5133504 op, 86766870.00 ns, 16.9021 ns/op
WorkloadResult   5: 5133504 op, 85157392.00 ns, 16.5886 ns/op
WorkloadResult   6: 5133504 op, 85867517.00 ns, 16.7269 ns/op
WorkloadResult   7: 5133504 op, 84946974.00 ns, 16.5476 ns/op
WorkloadResult   8: 5133504 op, 87216261.00 ns, 16.9896 ns/op
WorkloadResult   9: 5133504 op, 85005745.00 ns, 16.5590 ns/op
WorkloadResult  10: 5133504 op, 86221286.00 ns, 16.7958 ns/op
WorkloadResult  11: 5133504 op, 84376073.00 ns, 16.4364 ns/op
WorkloadResult  12: 5133504 op, 84578726.00 ns, 16.4758 ns/op
WorkloadResult  13: 5133504 op, 86738246.00 ns, 16.8965 ns/op
WorkloadResult  14: 5133504 op, 86342546.00 ns, 16.8194 ns/op
// GC:  88 0 0 739224576 5133504
// Threading:  0 0 5133504

// AfterAll
// Benchmark Process 11038 has exited with code 0.

Mean = 16.784 ns, StdErr = 0.076 ns (0.45%), N = 14, StdDev = 0.284 ns
Min = 16.436 ns, Q1 = 16.566 ns, Median = 16.761 ns, Q3 = 16.901 ns, Max = 17.542 ns
IQR = 0.334 ns, LowerFence = 16.065 ns, UpperFence = 17.402 ns
ConfidenceInterval = [16.463 ns; 17.105 ns] (CI 99.9%), Margin = 0.321 ns (1.91% of Mean)
Skewness = 1.09, Kurtosis = 3.99, MValue = 2

// ** Remained 90 (98.9%) benchmark(s) to run. Estimated finish 2026-03-01 9:56 (0h 6m from now) **
// **************************
// Benchmark: Scenario1.S1_CheckOptionStringErrorNoMessage_EnumerationsOptionsBoxed: .NET 10.0(Runtime=.NET 10.0, IterationTime=100ms) [Iterations=2]
// *** Execute ***
// Launch: 1 / 1
// Execute: dotnet "Enumerations.Options.Benchmarks-.NET 10.0-1.dll" --anonymousPipes 116 118 --benchmarkName "ReillyDigital.Enumerations.Options.Benchmarks.Scenarios.Scenario1.S1_CheckOptionStringErrorNoMessage_EnumerationsOptionsBoxed(Iterations: 2)" --job ".NET 10.0" --benchmarkId 1 in /media/andrew/Slowverflow/x/devs/reilly-digital/dotnet/enumerations.options/src/Enumerations.Options.Benchmarks/bin/Debug/net10.0/Enumerations.Options.Benchmarks-.NET 10.0-1/bin/Release/net10.0
// Failed to set up high priority (Permission denied). In order to run benchmarks with high priority, make sure you have the right permissions.
// BeforeAnythingElse

// Benchmark Process Environment Information:
// BenchmarkDotNet v0.15.8
// Runtime=.NET 10.0.3 (10.0.3, 10.0.326.7603), X64 RyuJIT x86-64-v3
// GC=Concurrent Workstation
// HardwareIntrinsics=AVX2+BMI1+BMI2+F16C+FMA+LZCNT+MOVBE,AVX,SSE3+SSSE3+SSE4.1+SSE4.2+POPCNT,X86Base+SSE+SSE2,AES+PCLMUL VectorSize=256
// Job: .NET 10.0(IterationTime=100ms)

OverheadJitting  1: 1 op, 153320.00 ns, 153.3200 us/op
WorkloadJitting  1: 1 op, 2767490.00 ns, 2.7675 ms/op

OverheadJitting  2: 16 op, 194198.00 ns, 12.1374 us/op
WorkloadJitting  2: 16 op, 208355.00 ns, 13.0222 us/op

WorkloadPilot    1: 16 op, 2284.00 ns, 142.7500 ns/op
WorkloadPilot    2: 700528 op, 21307756.00 ns, 30.4167 ns/op
WorkloadPilot    3: 3287680 op, 98038372.00 ns, 29.8199 ns/op
WorkloadPilot    4: 3353472 op, 60395947.00 ns, 18.0100 ns/op
WorkloadPilot    5: 5552480 op, 9669960.00 ns, 1.7416 ns/op
WorkloadPilot    6: 57419888 op, 100438126.00 ns, 1.7492 ns/op
WorkloadPilot    7: 57169424 op, 99577627.00 ns, 1.7418 ns/op
WorkloadPilot    8: 57411920 op, 100443366.00 ns, 1.7495 ns/op
WorkloadPilot    9: 57158512 op, 100633015.00 ns, 1.7606 ns/op

OverheadWarmup   1: 57158512 op, 141296130.00 ns, 2.4720 ns/op
OverheadWarmup   2: 57158512 op, 109244581.00 ns, 1.9113 ns/op
OverheadWarmup   3: 57158512 op, 85705280.00 ns, 1.4994 ns/op
OverheadWarmup   4: 57158512 op, 85947038.00 ns, 1.5037 ns/op
OverheadWarmup   5: 57158512 op, 85777366.00 ns, 1.5007 ns/op
OverheadWarmup   6: 57158512 op, 85742060.00 ns, 1.5001 ns/op
OverheadWarmup   7: 57158512 op, 85755505.00 ns, 1.5003 ns/op
OverheadWarmup   8: 57158512 op, 85700691.00 ns, 1.4994 ns/op

OverheadActual   1: 57158512 op, 85843793.00 ns, 1.5019 ns/op
OverheadActual   2: 57158512 op, 85654314.00 ns, 1.4985 ns/op
OverheadActual   3: 57158512 op, 85691654.00 ns, 1.4992 ns/op
OverheadActual   4: 57158512 op, 85773770.00 ns, 1.5006 ns/op
OverheadActual   5: 57158512 op, 85801032.00 ns, 1.5011 ns/op
OverheadActual   6: 57158512 op, 85781855.00 ns, 1.5008 ns/op
OverheadActual   7: 57158512 op, 85809718.00 ns, 1.5013 ns/op
OverheadActual   8: 57158512 op, 85811391.00 ns, 1.5013 ns/op
OverheadActual   9: 57158512 op, 85783638.00 ns, 1.5008 ns/op
OverheadActual  10: 57158512 op, 85752771.00 ns, 1.5003 ns/op
OverheadActual  11: 57158512 op, 85714177.00 ns, 1.4996 ns/op
OverheadActual  12: 57158512 op, 85839925.00 ns, 1.5018 ns/op
OverheadActual  13: 57158512 op, 86029404.00 ns, 1.5051 ns/op
OverheadActual  14: 57158512 op, 86042719.00 ns, 1.5053 ns/op
OverheadActual  15: 57158512 op, 86521897.00 ns, 1.5137 ns/op

WorkloadWarmup   1: 57158512 op, 103009966.00 ns, 1.8022 ns/op
WorkloadWarmup   2: 57158512 op, 101572754.00 ns, 1.7770 ns/op
WorkloadWarmup   3: 57158512 op, 99564752.00 ns, 1.7419 ns/op
WorkloadWarmup   4: 57158512 op, 101404155.00 ns, 1.7741 ns/op
WorkloadWarmup   5: 57158512 op, 100282221.00 ns, 1.7545 ns/op
WorkloadWarmup   6: 57158512 op, 100597357.00 ns, 1.7600 ns/op
WorkloadWarmup   7: 57158512 op, 99740465.00 ns, 1.7450 ns/op

// BeforeActualRun
WorkloadActual   1: 57158512 op, 117984911.00 ns, 2.0642 ns/op
WorkloadActual   2: 57158512 op, 104829982.00 ns, 1.8340 ns/op
WorkloadActual   3: 57158512 op, 99870331.00 ns, 1.7473 ns/op
WorkloadActual   4: 57158512 op, 99893335.00 ns, 1.7477 ns/op
WorkloadActual   5: 57158512 op, 100144120.00 ns, 1.7520 ns/op
WorkloadActual   6: 57158512 op, 99823422.00 ns, 1.7464 ns/op
WorkloadActual   7: 57158512 op, 99819145.00 ns, 1.7464 ns/op
WorkloadActual   8: 57158512 op, 99803194.00 ns, 1.7461 ns/op
WorkloadActual   9: 57158512 op, 99673780.00 ns, 1.7438 ns/op
WorkloadActual  10: 57158512 op, 99851626.00 ns, 1.7469 ns/op
WorkloadActual  11: 57158512 op, 100998026.00 ns, 1.7670 ns/op
WorkloadActual  12: 57158512 op, 99452059.00 ns, 1.7399 ns/op
WorkloadActual  13: 57158512 op, 99479841.00 ns, 1.7404 ns/op
WorkloadActual  14: 57158512 op, 99559293.00 ns, 1.7418 ns/op
WorkloadActual  15: 57158512 op, 99509889.00 ns, 1.7409 ns/op

// AfterActualRun
WorkloadResult   1: 57158512 op, 14069299.00 ns, 0.2461 ns/op
WorkloadResult   2: 57158512 op, 14092303.00 ns, 0.2465 ns/op
WorkloadResult   3: 57158512 op, 14343088.00 ns, 0.2509 ns/op
WorkloadResult   4: 57158512 op, 14022390.00 ns, 0.2453 ns/op
WorkloadResult   5: 57158512 op, 14018113.00 ns, 0.2452 ns/op
WorkloadResult   6: 57158512 op, 14002162.00 ns, 0.2450 ns/op
WorkloadResult   7: 57158512 op, 13872748.00 ns, 0.2427 ns/op
WorkloadResult   8: 57158512 op, 14050594.00 ns, 0.2458 ns/op
WorkloadResult   9: 57158512 op, 13651027.00 ns, 0.2388 ns/op
WorkloadResult  10: 57158512 op, 13678809.00 ns, 0.2393 ns/op
WorkloadResult  11: 57158512 op, 13758261.00 ns, 0.2407 ns/op
WorkloadResult  12: 57158512 op, 13708857.00 ns, 0.2398 ns/op
// GC:  0 0 0 0 57158512
// Threading:  0 0 57158512

// AfterAll
// Benchmark Process 11071 has exited with code 0.

Mean = 0.244 ns, StdErr = 0.001 ns (0.43%), N = 12, StdDev = 0.004 ns
Min = 0.239 ns, Q1 = 0.240 ns, Median = 0.245 ns, Q3 = 0.246 ns, Max = 0.251 ns
IQR = 0.005 ns, LowerFence = 0.232 ns, UpperFence = 0.254 ns
ConfidenceInterval = [0.239 ns; 0.249 ns] (CI 99.9%), Margin = 0.005 ns (1.91% of Mean)
Skewness = 0.14, Kurtosis = 1.93, MValue = 2

// ** Remained 89 (97.8%) benchmark(s) to run. Estimated finish 2026-03-01 9:57 (0h 6m from now) **
// **************************
// Benchmark: Scenario1.S1_CheckOptionStringErrorNoMessage_EnumerationsOptions: .NET 10.0(Runtime=.NET 10.0, IterationTime=100ms) [Iterations=2]
// *** Execute ***
// Launch: 1 / 1
// Execute: dotnet "Enumerations.Options.Benchmarks-.NET 10.0-1.dll" --anonymousPipes 116 118 --benchmarkName "ReillyDigital.Enumerations.Options.Benchmarks.Scenarios.Scenario1.S1_CheckOptionStringErrorNoMessage_EnumerationsOptions(Iterations: 2)" --job ".NET 10.0" --benchmarkId 2 in /media/andrew/Slowverflow/x/devs/reilly-digital/dotnet/enumerations.options/src/Enumerations.Options.Benchmarks/bin/Debug/net10.0/Enumerations.Options.Benchmarks-.NET 10.0-1/bin/Release/net10.0
// Failed to set up high priority (Permission denied). In order to run benchmarks with high priority, make sure you have the right permissions.
// BeforeAnythingElse

// Benchmark Process Environment Information:
// BenchmarkDotNet v0.15.8
// Runtime=.NET 10.0.3 (10.0.3, 10.0.326.7603), X64 RyuJIT x86-64-v3
// GC=Concurrent Workstation
// HardwareIntrinsics=AVX2+BMI1+BMI2+F16C+FMA+LZCNT+MOVBE,AVX,SSE3+SSSE3+SSE4.1+SSE4.2+POPCNT,X86Base+SSE+SSE2,AES+PCLMUL VectorSize=256
// Job: .NET 10.0(IterationTime=100ms)

OverheadJitting  1: 1 op, 153380.00 ns, 153.3800 us/op
WorkloadJitting  1: 1 op, 3288467.00 ns, 3.2885 ms/op

OverheadJitting  2: 16 op, 257989.00 ns, 16.1243 us/op
WorkloadJitting  2: 16 op, 197343.00 ns, 12.3339 us/op

WorkloadPilot    1: 16 op, 2244.00 ns, 140.2500 ns/op
WorkloadPilot    2: 713024 op, 73611671.00 ns, 103.2387 ns/op
WorkloadPilot    3: 968640 op, 94412607.00 ns, 97.4692 ns/op
WorkloadPilot    4: 1025968 op, 21803013.00 ns, 21.2512 ns/op
WorkloadPilot    5: 4705632 op, 8226126.00 ns, 1.7481 ns/op
WorkloadPilot    6: 57203504 op, 100512166.00 ns, 1.7571 ns/op
WorkloadPilot    7: 56912032 op, 99488749.00 ns, 1.7481 ns/op
WorkloadPilot    8: 57204496 op, 100394374.00 ns, 1.7550 ns/op
WorkloadPilot    9: 56979792 op, 99270916.00 ns, 1.7422 ns/op
WorkloadPilot   10: 57398288 op, 100502258.00 ns, 1.7510 ns/op

OverheadWarmup   1: 57398288 op, 155210406.00 ns, 2.7041 ns/op
OverheadWarmup   2: 57398288 op, 106142888.00 ns, 1.8492 ns/op
OverheadWarmup   3: 57398288 op, 88312978.00 ns, 1.5386 ns/op
OverheadWarmup   4: 57398288 op, 87024779.00 ns, 1.5162 ns/op
OverheadWarmup   5: 57398288 op, 87860190.00 ns, 1.5307 ns/op
OverheadWarmup   6: 57398288 op, 86494364.00 ns, 1.5069 ns/op
OverheadWarmup   7: 57398288 op, 86185039.00 ns, 1.5015 ns/op
OverheadWarmup   8: 57398288 op, 86873462.00 ns, 1.5135 ns/op
OverheadWarmup   9: 57398288 op, 87665081.00 ns, 1.5273 ns/op
OverheadWarmup  10: 57398288 op, 86435974.00 ns, 1.5059 ns/op

OverheadActual   1: 57398288 op, 88155239.00 ns, 1.5359 ns/op
OverheadActual   2: 57398288 op, 88004584.00 ns, 1.5332 ns/op
OverheadActual   3: 57398288 op, 88441721.00 ns, 1.5408 ns/op
OverheadActual   4: 57398288 op, 89492892.00 ns, 1.5592 ns/op
OverheadActual   5: 57398288 op, 87779978.00 ns, 1.5293 ns/op
OverheadActual   6: 57398288 op, 86426065.00 ns, 1.5057 ns/op
OverheadActual   7: 57398288 op, 87656835.00 ns, 1.5272 ns/op
OverheadActual   8: 57398288 op, 87194821.00 ns, 1.5191 ns/op
OverheadActual   9: 57398288 op, 87682193.00 ns, 1.5276 ns/op
OverheadActual  10: 57398288 op, 87986710.00 ns, 1.5329 ns/op
OverheadActual  11: 57398288 op, 88637993.00 ns, 1.5443 ns/op
OverheadActual  12: 57398288 op, 87295632.00 ns, 1.5209 ns/op
OverheadActual  13: 57398288 op, 86835981.00 ns, 1.5129 ns/op
OverheadActual  14: 57398288 op, 88343426.00 ns, 1.5391 ns/op
OverheadActual  15: 57398288 op, 86930520.00 ns, 1.5145 ns/op

WorkloadWarmup   1: 57398288 op, 100658082.00 ns, 1.7537 ns/op
WorkloadWarmup   2: 57398288 op, 100336784.00 ns, 1.7481 ns/op
WorkloadWarmup   3: 57398288 op, 100528478.00 ns, 1.7514 ns/op
WorkloadWarmup   4: 57398288 op, 100780344.00 ns, 1.7558 ns/op
WorkloadWarmup   5: 57398288 op, 101005661.00 ns, 1.7597 ns/op
WorkloadWarmup   6: 57398288 op, 100202370.00 ns, 1.7457 ns/op
WorkloadWarmup   7: 57398288 op, 100451271.00 ns, 1.7501 ns/op
WorkloadWarmup   8: 57398288 op, 100443426.00 ns, 1.7499 ns/op

// BeforeActualRun
WorkloadActual   1: 57398288 op, 103534409.00 ns, 1.8038 ns/op
WorkloadActual   2: 57398288 op, 101380110.00 ns, 1.7663 ns/op
WorkloadActual   3: 57398288 op, 100892456.00 ns, 1.7578 ns/op
WorkloadActual   4: 57398288 op, 101222381.00 ns, 1.7635 ns/op
WorkloadActual   5: 57398288 op, 100386809.00 ns, 1.7490 ns/op
WorkloadActual   6: 57398288 op, 100690504.00 ns, 1.7542 ns/op
WorkloadActual   7: 57398288 op, 100345240.00 ns, 1.7482 ns/op
WorkloadActual   8: 57398288 op, 100996374.00 ns, 1.7596 ns/op
WorkloadActual   9: 57398288 op, 101209988.00 ns, 1.7633 ns/op
WorkloadActual  10: 57398288 op, 101131188.00 ns, 1.7619 ns/op
WorkloadActual  11: 57398288 op, 99948058.00 ns, 1.7413 ns/op
WorkloadActual  12: 57398288 op, 99916128.00 ns, 1.7408 ns/op
WorkloadActual  13: 57398288 op, 99903434.00 ns, 1.7405 ns/op
WorkloadActual  14: 57398288 op, 99992362.00 ns, 1.7421 ns/op
WorkloadActual  15: 57398288 op, 100087723.00 ns, 1.7437 ns/op

// AfterActualRun
WorkloadResult   1: 57398288 op, 13600132.00 ns, 0.2369 ns/op
WorkloadResult   2: 57398288 op, 13112478.00 ns, 0.2284 ns/op
WorkloadResult   3: 57398288 op, 13442403.00 ns, 0.2342 ns/op
WorkloadResult   4: 57398288 op, 12606831.00 ns, 0.2196 ns/op
WorkloadResult   5: 57398288 op, 12910526.00 ns, 0.2249 ns/op
WorkloadResult   6: 57398288 op, 12565262.00 ns, 0.2189 ns/op
WorkloadResult   7: 57398288 op, 13216396.00 ns, 0.2303 ns/op
WorkloadResult   8: 57398288 op, 13430010.00 ns, 0.2340 ns/op
WorkloadResult   9: 57398288 op, 13351210.00 ns, 0.2326 ns/op
WorkloadResult  10: 57398288 op, 12168080.00 ns, 0.2120 ns/op
WorkloadResult  11: 57398288 op, 12136150.00 ns, 0.2114 ns/op
WorkloadResult  12: 57398288 op, 12123456.00 ns, 0.2112 ns/op
WorkloadResult  13: 57398288 op, 12212384.00 ns, 0.2128 ns/op
WorkloadResult  14: 57398288 op, 12307745.00 ns, 0.2144 ns/op
// GC:  0 0 0 0 57398288
// Threading:  0 0 57398288

// AfterAll
// Benchmark Process 11112 has exited with code 0.

Mean = 0.223 ns, StdErr = 0.003 ns (1.16%), N = 14, StdDev = 0.010 ns
Min = 0.211 ns, Q1 = 0.213 ns, Median = 0.222 ns, Q3 = 0.232 ns, Max = 0.237 ns
IQR = 0.019 ns, LowerFence = 0.185 ns, UpperFence = 0.260 ns
ConfidenceInterval = [0.212 ns; 0.234 ns] (CI 99.9%), Margin = 0.011 ns (4.90% of Mean)
Skewness = 0.05, Kurtosis = 1.21, MValue = 3.43

// ** Remained 88 (96.7%) benchmark(s) to run. Estimated finish 2026-03-01 9:58 (0h 7m from now) **
// **************************
// Benchmark: Scenario1.S1_CheckOptionStringErrorNoMessage_FluentResults: .NET 10.0(Runtime=.NET 10.0, IterationTime=100ms) [Iterations=2]
// *** Execute ***
// Launch: 1 / 1
// Execute: dotnet "Enumerations.Options.Benchmarks-.NET 10.0-1.dll" --anonymousPipes 116 118 --benchmarkName "ReillyDigital.Enumerations.Options.Benchmarks.Scenarios.Scenario1.S1_CheckOptionStringErrorNoMessage_FluentResults(Iterations: 2)" --job ".NET 10.0" --benchmarkId 3 in /media/andrew/Slowverflow/x/devs/reilly-digital/dotnet/enumerations.options/src/Enumerations.Options.Benchmarks/bin/Debug/net10.0/Enumerations.Options.Benchmarks-.NET 10.0-1/bin/Release/net10.0
// Failed to set up high priority (Permission denied). In order to run benchmarks with high priority, make sure you have the right permissions.
// BeforeAnythingElse

// Benchmark Process Environment Information:
// BenchmarkDotNet v0.15.8
// Runtime=.NET 10.0.3 (10.0.3, 10.0.326.7603), X64 RyuJIT x86-64-v3
// GC=Concurrent Workstation
// HardwareIntrinsics=AVX2+BMI1+BMI2+F16C+FMA+LZCNT+MOVBE,AVX,SSE3+SSSE3+SSE4.1+SSE4.2+POPCNT,X86Base+SSE+SSE2,AES+PCLMUL VectorSize=256
// Job: .NET 10.0(IterationTime=100ms)

OverheadJitting  1: 1 op, 162257.00 ns, 162.2570 us/op
WorkloadJitting  1: 1 op, 4488199.00 ns, 4.4882 ms/op

OverheadJitting  2: 16 op, 252438.00 ns, 15.7774 us/op
WorkloadJitting  2: 16 op, 250414.00 ns, 15.6509 us/op

WorkloadPilot    1: 16 op, 30738.00 ns, 1.9211 us/op
WorkloadPilot    2: 52064 op, 50959891.00 ns, 978.7932 ns/op
WorkloadPilot    3: 102176 op, 96789889.00 ns, 947.2859 ns/op
WorkloadPilot    4: 105568 op, 44417242.00 ns, 420.7453 ns/op
WorkloadPilot    5: 237680 op, 37607338.00 ns, 158.2268 ns/op
WorkloadPilot    6: 632016 op, 92391431.00 ns, 146.1853 ns/op
WorkloadPilot    7: 684064 op, 98728619.00 ns, 144.3266 ns/op
WorkloadPilot    8: 692880 op, 100571479.00 ns, 145.1499 ns/op
WorkloadPilot    9: 688944 op, 106048339.00 ns, 153.9288 ns/op
WorkloadPilot   10: 649664 op, 98351035.00 ns, 151.3875 ns/op
WorkloadPilot   11: 660560 op, 96921057.00 ns, 146.7256 ns/op
WorkloadPilot   12: 681552 op, 98469730.00 ns, 144.4787 ns/op
WorkloadPilot   13: 692144 op, 98591479.00 ns, 142.4436 ns/op
WorkloadPilot   14: 702032 op, 99558821.00 ns, 141.8152 ns/op
WorkloadPilot   15: 705152 op, 101354251.00 ns, 143.7339 ns/op

OverheadWarmup   1: 705152 op, 1962947.00 ns, 2.7837 ns/op
OverheadWarmup   2: 705152 op, 1949662.00 ns, 2.7649 ns/op
OverheadWarmup   3: 705152 op, 1941296.00 ns, 2.7530 ns/op
OverheadWarmup   4: 705152 op, 1951646.00 ns, 2.7677 ns/op
OverheadWarmup   5: 705152 op, 1979448.00 ns, 2.8071 ns/op
OverheadWarmup   6: 705152 op, 1980730.00 ns, 2.8089 ns/op
OverheadWarmup   7: 705152 op, 2000679.00 ns, 2.8372 ns/op
OverheadWarmup   8: 705152 op, 1977584.00 ns, 2.8045 ns/op
OverheadWarmup   9: 705152 op, 1928381.00 ns, 2.7347 ns/op
OverheadWarmup  10: 705152 op, 1947528.00 ns, 2.7619 ns/op

OverheadActual   1: 705152 op, 1967185.00 ns, 2.7897 ns/op
OverheadActual   2: 705152 op, 1993084.00 ns, 2.8265 ns/op
OverheadActual   3: 705152 op, 1940384.00 ns, 2.7517 ns/op
OverheadActual   4: 705152 op, 1958368.00 ns, 2.7772 ns/op
OverheadActual   5: 705152 op, 1947989.00 ns, 2.7625 ns/op
OverheadActual   6: 705152 op, 1995639.00 ns, 2.8301 ns/op
OverheadActual   7: 705152 op, 1956584.00 ns, 2.7747 ns/op
OverheadActual   8: 705152 op, 1973016.00 ns, 2.7980 ns/op
OverheadActual   9: 705152 op, 1975190.00 ns, 2.8011 ns/op
OverheadActual  10: 705152 op, 1956965.00 ns, 2.7752 ns/op
OverheadActual  11: 705152 op, 1909576.00 ns, 2.7080 ns/op
OverheadActual  12: 705152 op, 1982213.00 ns, 2.8110 ns/op
OverheadActual  13: 705152 op, 1957156.00 ns, 2.7755 ns/op
OverheadActual  14: 705152 op, 1947006.00 ns, 2.7611 ns/op
OverheadActual  15: 705152 op, 1943430.00 ns, 2.7560 ns/op

WorkloadWarmup   1: 705152 op, 105047484.00 ns, 148.9714 ns/op
WorkloadWarmup   2: 705152 op, 107106282.00 ns, 151.8911 ns/op
WorkloadWarmup   3: 705152 op, 99129608.00 ns, 140.5791 ns/op
WorkloadWarmup   4: 705152 op, 102888176.00 ns, 145.9092 ns/op
WorkloadWarmup   5: 705152 op, 98230677.00 ns, 139.3043 ns/op
WorkloadWarmup   6: 705152 op, 98234303.00 ns, 139.3094 ns/op

// BeforeActualRun
WorkloadActual   1: 705152 op, 99967195.00 ns, 141.7669 ns/op
WorkloadActual   2: 705152 op, 106007982.00 ns, 150.3335 ns/op
WorkloadActual   3: 705152 op, 103434620.00 ns, 146.6841 ns/op
WorkloadActual   4: 705152 op, 103929397.00 ns, 147.3858 ns/op
WorkloadActual   5: 705152 op, 104128645.00 ns, 147.6684 ns/op
WorkloadActual   6: 705152 op, 103394474.00 ns, 146.6272 ns/op
WorkloadActual   7: 705152 op, 103396528.00 ns, 146.6301 ns/op
WorkloadActual   8: 705152 op, 103720161.00 ns, 147.0891 ns/op
WorkloadActual   9: 705152 op, 103367503.00 ns, 146.5890 ns/op
WorkloadActual  10: 705152 op, 101838888.00 ns, 144.4212 ns/op
WorkloadActual  11: 705152 op, 104917437.00 ns, 148.7870 ns/op
WorkloadActual  12: 705152 op, 103399523.00 ns, 146.6344 ns/op
WorkloadActual  13: 705152 op, 102172932.00 ns, 144.8949 ns/op
WorkloadActual  14: 705152 op, 103791255.00 ns, 147.1899 ns/op
WorkloadActual  15: 705152 op, 103810271.00 ns, 147.2169 ns/op

// AfterActualRun
WorkloadResult   1: 705152 op, 98010039.00 ns, 138.9914 ns/op
WorkloadResult   2: 705152 op, 101477464.00 ns, 143.9086 ns/op
WorkloadResult   3: 705152 op, 101972241.00 ns, 144.6103 ns/op
WorkloadResult   4: 705152 op, 102171489.00 ns, 144.8929 ns/op
WorkloadResult   5: 705152 op, 101437318.00 ns, 143.8517 ns/op
WorkloadResult   6: 705152 op, 101439372.00 ns, 143.8546 ns/op
WorkloadResult   7: 705152 op, 101763005.00 ns, 144.3136 ns/op
WorkloadResult   8: 705152 op, 101410347.00 ns, 143.8135 ns/op
WorkloadResult   9: 705152 op, 99881732.00 ns, 141.6457 ns/op
WorkloadResult  10: 705152 op, 101442367.00 ns, 143.8589 ns/op
WorkloadResult  11: 705152 op, 100215776.00 ns, 142.1194 ns/op
WorkloadResult  12: 705152 op, 101834099.00 ns, 144.4144 ns/op
WorkloadResult  13: 705152 op, 101853115.00 ns, 144.4414 ns/op
// GC:  60 0 0 507709440 705152
// Threading:  0 0 705152

// AfterAll
// Benchmark Process 11146 has exited with code 0.

Mean = 143.440 ns, StdErr = 0.452 ns (0.31%), N = 13, StdDev = 1.629 ns
Min = 138.991 ns, Q1 = 143.813 ns, Median = 143.859 ns, Q3 = 144.414 ns, Max = 144.893 ns
IQR = 0.601 ns, LowerFence = 142.912 ns, UpperFence = 145.316 ns
ConfidenceInterval = [141.489 ns; 145.390 ns] (CI 99.9%), Margin = 1.950 ns (1.36% of Mean)
Skewness = -1.58, Kurtosis = 4.53, MValue = 2

// ** Remained 87 (95.6%) benchmark(s) to run. Estimated finish 2026-03-01 9:57 (0h 6m from now) **
// **************************
// Benchmark: Scenario1.S1_CheckOptionStringErrorNoMessage_LightResults: .NET 10.0(Runtime=.NET 10.0, IterationTime=100ms) [Iterations=2]
// *** Execute ***
// Launch: 1 / 1
// Execute: dotnet "Enumerations.Options.Benchmarks-.NET 10.0-1.dll" --anonymousPipes 116 118 --benchmarkName "ReillyDigital.Enumerations.Options.Benchmarks.Scenarios.Scenario1.S1_CheckOptionStringErrorNoMessage_LightResults(Iterations: 2)" --job ".NET 10.0" --benchmarkId 4 in /media/andrew/Slowverflow/x/devs/reilly-digital/dotnet/enumerations.options/src/Enumerations.Options.Benchmarks/bin/Debug/net10.0/Enumerations.Options.Benchmarks-.NET 10.0-1/bin/Release/net10.0
// Failed to set up high priority (Permission denied). In order to run benchmarks with high priority, make sure you have the right permissions.
// BeforeAnythingElse

// Benchmark Process Environment Information:
// BenchmarkDotNet v0.15.8
// Runtime=.NET 10.0.3 (10.0.3, 10.0.326.7603), X64 RyuJIT x86-64-v3
// GC=Concurrent Workstation
// HardwareIntrinsics=AVX2+BMI1+BMI2+F16C+FMA+LZCNT+MOVBE,AVX,SSE3+SSSE3+SSE4.1+SSE4.2+POPCNT,X86Base+SSE+SSE2,AES+PCLMUL VectorSize=256
// Job: .NET 10.0(IterationTime=100ms)

OverheadJitting  1: 1 op, 154372.00 ns, 154.3720 us/op
WorkloadJitting  1: 1 op, 3670590.00 ns, 3.6706 ms/op

OverheadJitting  2: 16 op, 263018.00 ns, 16.4386 us/op
WorkloadJitting  2: 16 op, 222541.00 ns, 13.9088 us/op

WorkloadPilot    1: 16 op, 1283.00 ns, 80.1875 ns/op
WorkloadPilot    2: 1247088 op, 40097724.00 ns, 32.1531 ns/op
WorkloadPilot    3: 3110128 op, 97940337.00 ns, 31.4908 ns/op
WorkloadPilot    4: 3175536 op, 100893669.00 ns, 31.7722 ns/op
WorkloadPilot    5: 3147424 op, 46201280.00 ns, 14.6791 ns/op
WorkloadPilot    6: 6812432 op, 12794706.00 ns, 1.8781 ns/op
WorkloadPilot    7: 53244160 op, 94271891.00 ns, 1.7706 ns/op
WorkloadPilot    8: 56479360 op, 100180839.00 ns, 1.7738 ns/op
WorkloadPilot    9: 56377408 op, 99456838.00 ns, 1.7641 ns/op
WorkloadPilot   10: 56685312 op, 100148047.00 ns, 1.7667 ns/op

OverheadWarmup   1: 56685312 op, 141254240.00 ns, 2.4919 ns/op
OverheadWarmup   2: 56685312 op, 109085230.00 ns, 1.9244 ns/op
OverheadWarmup   3: 56685312 op, 92561692.00 ns, 1.6329 ns/op
OverheadWarmup   4: 56685312 op, 92653046.00 ns, 1.6345 ns/op
OverheadWarmup   5: 56685312 op, 86301840.00 ns, 1.5225 ns/op
OverheadWarmup   6: 56685312 op, 85919817.00 ns, 1.5157 ns/op
OverheadWarmup   7: 56685312 op, 85788958.00 ns, 1.5134 ns/op
OverheadWarmup   8: 56685312 op, 86507198.00 ns, 1.5261 ns/op
OverheadWarmup   9: 56685312 op, 85550878.00 ns, 1.5092 ns/op

OverheadActual   1: 56685312 op, 87654871.00 ns, 1.5463 ns/op
OverheadActual   2: 56685312 op, 86177905.00 ns, 1.5203 ns/op
OverheadActual   3: 56685312 op, 87674188.00 ns, 1.5467 ns/op
OverheadActual   4: 56685312 op, 85740446.00 ns, 1.5126 ns/op
OverheadActual   5: 56685312 op, 85761667.00 ns, 1.5129 ns/op
OverheadActual   6: 56685312 op, 85561678.00 ns, 1.5094 ns/op
OverheadActual   7: 56685312 op, 85475835.00 ns, 1.5079 ns/op
OverheadActual   8: 56685312 op, 85781014.00 ns, 1.5133 ns/op
OverheadActual   9: 56685312 op, 85521392.00 ns, 1.5087 ns/op
OverheadActual  10: 56685312 op, 85752670.00 ns, 1.5128 ns/op
OverheadActual  11: 56685312 op, 85430379.00 ns, 1.5071 ns/op
OverheadActual  12: 56685312 op, 85490283.00 ns, 1.5082 ns/op
OverheadActual  13: 56685312 op, 85417565.00 ns, 1.5069 ns/op
OverheadActual  14: 56685312 op, 85826390.00 ns, 1.5141 ns/op
OverheadActual  15: 56685312 op, 85828073.00 ns, 1.5141 ns/op

WorkloadWarmup   1: 56685312 op, 100592198.00 ns, 1.7746 ns/op
WorkloadWarmup   2: 56685312 op, 100317658.00 ns, 1.7697 ns/op
WorkloadWarmup   3: 56685312 op, 100516475.00 ns, 1.7732 ns/op
WorkloadWarmup   4: 56685312 op, 100670036.00 ns, 1.7759 ns/op
WorkloadWarmup   5: 56685312 op, 99139999.00 ns, 1.7490 ns/op
WorkloadWarmup   6: 56685312 op, 98912257.00 ns, 1.7449 ns/op
WorkloadWarmup   7: 56685312 op, 98873503.00 ns, 1.7443 ns/op
WorkloadWarmup   8: 56685312 op, 99281456.00 ns, 1.7514 ns/op
WorkloadWarmup   9: 56685312 op, 98790116.00 ns, 1.7428 ns/op

// BeforeActualRun
WorkloadActual   1: 56685312 op, 98889164.00 ns, 1.7445 ns/op
WorkloadActual   2: 56685312 op, 98998720.00 ns, 1.7465 ns/op
WorkloadActual   3: 56685312 op, 99050940.00 ns, 1.7474 ns/op
WorkloadActual   4: 56685312 op, 98716877.00 ns, 1.7415 ns/op
WorkloadActual   5: 56685312 op, 99218266.00 ns, 1.7503 ns/op
WorkloadActual   6: 56685312 op, 98997007.00 ns, 1.7464 ns/op
WorkloadActual   7: 56685312 op, 99248644.00 ns, 1.7509 ns/op
WorkloadActual   8: 56685312 op, 98923539.00 ns, 1.7451 ns/op
WorkloadActual   9: 56685312 op, 99004832.00 ns, 1.7466 ns/op
WorkloadActual  10: 56685312 op, 98721185.00 ns, 1.7416 ns/op
WorkloadActual  11: 56685312 op, 98939799.00 ns, 1.7454 ns/op
WorkloadActual  12: 56685312 op, 98875086.00 ns, 1.7443 ns/op
WorkloadActual  13: 56685312 op, 100521995.00 ns, 1.7733 ns/op
WorkloadActual  14: 56685312 op, 99513656.00 ns, 1.7555 ns/op
WorkloadActual  15: 56685312 op, 99148474.00 ns, 1.7491 ns/op

// AfterActualRun
WorkloadResult   1: 56685312 op, 13136494.00 ns, 0.2317 ns/op
WorkloadResult   2: 56685312 op, 13246050.00 ns, 0.2337 ns/op
WorkloadResult   3: 56685312 op, 13298270.00 ns, 0.2346 ns/op
WorkloadResult   4: 56685312 op, 12964207.00 ns, 0.2287 ns/op
WorkloadResult   5: 56685312 op, 13465596.00 ns, 0.2376 ns/op
WorkloadResult   6: 56685312 op, 13244337.00 ns, 0.2336 ns/op
WorkloadResult   7: 56685312 op, 13495974.00 ns, 0.2381 ns/op
WorkloadResult   8: 56685312 op, 13170869.00 ns, 0.2324 ns/op
WorkloadResult   9: 56685312 op, 13252162.00 ns, 0.2338 ns/op
WorkloadResult  10: 56685312 op, 12968515.00 ns, 0.2288 ns/op
WorkloadResult  11: 56685312 op, 13187129.00 ns, 0.2326 ns/op
WorkloadResult  12: 56685312 op, 13122416.00 ns, 0.2315 ns/op
WorkloadResult  13: 56685312 op, 13760986.00 ns, 0.2428 ns/op
WorkloadResult  14: 56685312 op, 13395804.00 ns, 0.2363 ns/op
// GC:  0 0 0 0 56685312
// Threading:  0 0 56685312

// AfterAll
// Benchmark Process 11177 has exited with code 0.

Mean = 0.234 ns, StdErr = 0.001 ns (0.43%), N = 14, StdDev = 0.004 ns
Min = 0.229 ns, Q1 = 0.232 ns, Median = 0.234 ns, Q3 = 0.236 ns, Max = 0.243 ns
IQR = 0.004 ns, LowerFence = 0.226 ns, UpperFence = 0.242 ns
ConfidenceInterval = [0.230 ns; 0.238 ns] (CI 99.9%), Margin = 0.004 ns (1.81% of Mean)
Skewness = 0.63, Kurtosis = 2.85, MValue = 2

// ** Remained 86 (94.5%) benchmark(s) to run. Estimated finish 2026-03-01 9:57 (0h 6m from now) **
// **************************
// Benchmark: Scenario1.S1_CheckOptionStringErrorNoMessage_Rascal: .NET 10.0(Runtime=.NET 10.0, IterationTime=100ms) [Iterations=2]
// *** Execute ***
// Launch: 1 / 1
// Execute: dotnet "Enumerations.Options.Benchmarks-.NET 10.0-1.dll" --anonymousPipes 116 118 --benchmarkName "ReillyDigital.Enumerations.Options.Benchmarks.Scenarios.Scenario1.S1_CheckOptionStringErrorNoMessage_Rascal(Iterations: 2)" --job ".NET 10.0" --benchmarkId 5 in /media/andrew/Slowverflow/x/devs/reilly-digital/dotnet/enumerations.options/src/Enumerations.Options.Benchmarks/bin/Debug/net10.0/Enumerations.Options.Benchmarks-.NET 10.0-1/bin/Release/net10.0
// Failed to set up high priority (Permission denied). In order to run benchmarks with high priority, make sure you have the right permissions.
// BeforeAnythingElse

// Benchmark Process Environment Information:
// BenchmarkDotNet v0.15.8
// Runtime=.NET 10.0.3 (10.0.3, 10.0.326.7603), X64 RyuJIT x86-64-v3
// GC=Concurrent Workstation
// HardwareIntrinsics=AVX2+BMI1+BMI2+F16C+FMA+LZCNT+MOVBE,AVX,SSE3+SSSE3+SSE4.1+SSE4.2+POPCNT,X86Base+SSE+SSE2,AES+PCLMUL VectorSize=256
// Job: .NET 10.0(IterationTime=100ms)

OverheadJitting  1: 1 op, 179159.00 ns, 179.1590 us/op
WorkloadJitting  1: 1 op, 2349188.00 ns, 2.3492 ms/op

OverheadJitting  2: 16 op, 201292.00 ns, 12.5808 us/op
WorkloadJitting  2: 16 op, 211971.00 ns, 13.2482 us/op

WorkloadPilot    1: 16 op, 2314.00 ns, 144.6250 ns/op
WorkloadPilot    2: 691456 op, 46125386.00 ns, 66.7076 ns/op
WorkloadPilot    3: 1499088 op, 94961667.00 ns, 63.3463 ns/op
WorkloadPilot    4: 1578624 op, 45823455.00 ns, 29.0275 ns/op
WorkloadPilot    5: 3445024 op, 35381974.00 ns, 10.2705 ns/op
WorkloadPilot    6: 9736672 op, 117663722.00 ns, 12.0846 ns/op
WorkloadPilot    7: 8275008 op, 102085555.00 ns, 12.3366 ns/op
WorkloadPilot    8: 8105968 op, 98981318.00 ns, 12.2109 ns/op
WorkloadPilot    9: 8189392 op, 100491137.00 ns, 12.2709 ns/op

OverheadWarmup   1: 8189392 op, 22802736.00 ns, 2.7844 ns/op
OverheadWarmup   2: 8189392 op, 22920990.00 ns, 2.7989 ns/op
OverheadWarmup   3: 8189392 op, 23315286.00 ns, 2.8470 ns/op
OverheadWarmup   4: 8189392 op, 23118093.00 ns, 2.8229 ns/op
OverheadWarmup   5: 8189392 op, 23130667.00 ns, 2.8245 ns/op
OverheadWarmup   6: 8189392 op, 23298625.00 ns, 2.8450 ns/op
OverheadWarmup   7: 8189392 op, 23149863.00 ns, 2.8268 ns/op

OverheadActual   1: 8189392 op, 24534084.00 ns, 2.9958 ns/op
OverheadActual   2: 8189392 op, 23045325.00 ns, 2.8140 ns/op
OverheadActual   3: 8189392 op, 23194388.00 ns, 2.8322 ns/op
OverheadActual   4: 8189392 op, 22671247.00 ns, 2.7684 ns/op
OverheadActual   5: 8189392 op, 23132040.00 ns, 2.8246 ns/op
OverheadActual   6: 8189392 op, 23052720.00 ns, 2.8149 ns/op
OverheadActual   7: 8189392 op, 24707133.00 ns, 3.0170 ns/op
OverheadActual   8: 8189392 op, 24087088.00 ns, 2.9413 ns/op
OverheadActual   9: 8189392 op, 24145779.00 ns, 2.9484 ns/op
OverheadActual  10: 8189392 op, 17802839.00 ns, 2.1739 ns/op
OverheadActual  11: 8189392 op, 14832104.00 ns, 1.8111 ns/op
OverheadActual  12: 8189392 op, 14092183.00 ns, 1.7208 ns/op
OverheadActual  13: 8189392 op, 14737455.00 ns, 1.7996 ns/op
OverheadActual  14: 8189392 op, 14717217.00 ns, 1.7971 ns/op
OverheadActual  15: 8189392 op, 14778282.00 ns, 1.8046 ns/op
OverheadActual  16: 8189392 op, 15455985.00 ns, 1.8873 ns/op
OverheadActual  17: 8189392 op, 14943345.00 ns, 1.8247 ns/op
OverheadActual  18: 8189392 op, 14932996.00 ns, 1.8235 ns/op
OverheadActual  19: 8189392 op, 14085981.00 ns, 1.7200 ns/op
OverheadActual  20: 8189392 op, 14187623.00 ns, 1.7324 ns/op

WorkloadWarmup   1: 8189392 op, 87646485.00 ns, 10.7024 ns/op
WorkloadWarmup   2: 8189392 op, 99847869.00 ns, 12.1923 ns/op
WorkloadWarmup   3: 8189392 op, 99029289.00 ns, 12.0924 ns/op
WorkloadWarmup   4: 8189392 op, 91418928.00 ns, 11.1631 ns/op
WorkloadWarmup   5: 8189392 op, 85854894.00 ns, 10.4837 ns/op
WorkloadWarmup   6: 8189392 op, 86688442.00 ns, 10.5855 ns/op
WorkloadWarmup   7: 8189392 op, 86386179.00 ns, 10.5485 ns/op

// BeforeActualRun
WorkloadActual   1: 8189392 op, 87103147.00 ns, 10.6361 ns/op
WorkloadActual   2: 8189392 op, 92153359.00 ns, 11.2528 ns/op
WorkloadActual   3: 8189392 op, 86184898.00 ns, 10.5240 ns/op
WorkloadActual   4: 8189392 op, 113777744.00 ns, 13.8933 ns/op
WorkloadActual   5: 8189392 op, 83564877.00 ns, 10.2040 ns/op
WorkloadActual   6: 8189392 op, 85522695.00 ns, 10.4431 ns/op
WorkloadActual   7: 8189392 op, 83904681.00 ns, 10.2455 ns/op
WorkloadActual   8: 8189392 op, 84821647.00 ns, 10.3575 ns/op
WorkloadActual   9: 8189392 op, 83955066.00 ns, 10.2517 ns/op
WorkloadActual  10: 8189392 op, 91580985.00 ns, 11.1829 ns/op
WorkloadActual  11: 8189392 op, 91884059.00 ns, 11.2199 ns/op
WorkloadActual  12: 8189392 op, 85539406.00 ns, 10.4451 ns/op
WorkloadActual  13: 8189392 op, 81862955.00 ns, 9.9962 ns/op
WorkloadActual  14: 8189392 op, 84784056.00 ns, 10.3529 ns/op
WorkloadActual  15: 8189392 op, 86784253.00 ns, 10.5972 ns/op
WorkloadActual  16: 8189392 op, 82707514.00 ns, 10.0993 ns/op
WorkloadActual  17: 8189392 op, 85416163.00 ns, 10.4301 ns/op
WorkloadActual  18: 8189392 op, 87803674.00 ns, 10.7216 ns/op
WorkloadActual  19: 8189392 op, 85828273.00 ns, 10.4804 ns/op
WorkloadActual  20: 8189392 op, 82142685.00 ns, 10.0304 ns/op
WorkloadActual  21: 8189392 op, 86138000.00 ns, 10.5182 ns/op
WorkloadActual  22: 8189392 op, 78783113.00 ns, 9.6201 ns/op
WorkloadActual  23: 8189392 op, 82658882.00 ns, 10.0934 ns/op
WorkloadActual  24: 8189392 op, 82899748.00 ns, 10.1228 ns/op
WorkloadActual  25: 8189392 op, 79153284.00 ns, 9.6653 ns/op
WorkloadActual  26: 8189392 op, 89271001.00 ns, 10.9008 ns/op
WorkloadActual  27: 8189392 op, 78051598.00 ns, 9.5308 ns/op
WorkloadActual  28: 8189392 op, 77431755.00 ns, 9.4551 ns/op
WorkloadActual  29: 8189392 op, 78662485.00 ns, 9.6054 ns/op
WorkloadActual  30: 8189392 op, 78738899.00 ns, 9.6147 ns/op
WorkloadActual  31: 8189392 op, 86500276.00 ns, 10.5625 ns/op
WorkloadActual  32: 8189392 op, 92758576.00 ns, 11.3267 ns/op
WorkloadActual  33: 8189392 op, 86155843.00 ns, 10.5204 ns/op
WorkloadActual  34: 8189392 op, 84636597.00 ns, 10.3349 ns/op
WorkloadActual  35: 8189392 op, 84344663.00 ns, 10.2993 ns/op
WorkloadActual  36: 8189392 op, 80894161.00 ns, 9.8779 ns/op
WorkloadActual  37: 8189392 op, 80454478.00 ns, 9.8242 ns/op
WorkloadActual  38: 8189392 op, 80575487.00 ns, 9.8390 ns/op
WorkloadActual  39: 8189392 op, 83245703.00 ns, 10.1651 ns/op
WorkloadActual  40: 8189392 op, 81052159.00 ns, 9.8972 ns/op
WorkloadActual  41: 8189392 op, 82008751.00 ns, 10.0140 ns/op
WorkloadActual  42: 8189392 op, 81729782.00 ns, 9.9800 ns/op
WorkloadActual  43: 8189392 op, 82170567.00 ns, 10.0338 ns/op
WorkloadActual  44: 8189392 op, 81162759.00 ns, 9.9107 ns/op
WorkloadActual  45: 8189392 op, 79699619.00 ns, 9.7321 ns/op
WorkloadActual  46: 8189392 op, 77621854.00 ns, 9.4783 ns/op
WorkloadActual  47: 8189392 op, 81208355.00 ns, 9.9163 ns/op
WorkloadActual  48: 8189392 op, 84914803.00 ns, 10.3689 ns/op
WorkloadActual  49: 8189392 op, 93569020.00 ns, 11.4256 ns/op
WorkloadActual  50: 8189392 op, 78795356.00 ns, 9.6216 ns/op
WorkloadActual  51: 8189392 op, 80729488.00 ns, 9.8578 ns/op
WorkloadActual  52: 8189392 op, 81876170.00 ns, 9.9978 ns/op
WorkloadActual  53: 8189392 op, 81666062.00 ns, 9.9722 ns/op
WorkloadActual  54: 8189392 op, 80997456.00 ns, 9.8905 ns/op
WorkloadActual  55: 8189392 op, 78382525.00 ns, 9.5712 ns/op
WorkloadActual  56: 8189392 op, 77188884.00 ns, 9.4255 ns/op
WorkloadActual  57: 8189392 op, 77538587.00 ns, 9.4682 ns/op
WorkloadActual  58: 8189392 op, 77347275.00 ns, 9.4448 ns/op
WorkloadActual  59: 8189392 op, 82595071.00 ns, 10.0856 ns/op
WorkloadActual  60: 8189392 op, 82353984.00 ns, 10.0562 ns/op
WorkloadActual  61: 8189392 op, 81010210.00 ns, 9.8921 ns/op
WorkloadActual  62: 8189392 op, 82561427.00 ns, 10.0815 ns/op

// AfterActualRun
WorkloadResult   1: 8189392 op, 70473735.00 ns, 8.6055 ns/op
WorkloadResult   2: 8189392 op, 75523947.00 ns, 9.2222 ns/op
WorkloadResult   3: 8189392 op, 69555486.00 ns, 8.4934 ns/op
WorkloadResult   4: 8189392 op, 66935465.00 ns, 8.1734 ns/op
WorkloadResult   5: 8189392 op, 68893283.00 ns, 8.4125 ns/op
WorkloadResult   6: 8189392 op, 67275269.00 ns, 8.2149 ns/op
WorkloadResult   7: 8189392 op, 68192235.00 ns, 8.3269 ns/op
WorkloadResult   8: 8189392 op, 67325654.00 ns, 8.2211 ns/op
WorkloadResult   9: 8189392 op, 74951573.00 ns, 9.1523 ns/op
WorkloadResult  10: 8189392 op, 75254647.00 ns, 9.1893 ns/op
WorkloadResult  11: 8189392 op, 68909994.00 ns, 8.4145 ns/op
WorkloadResult  12: 8189392 op, 65233543.00 ns, 7.9656 ns/op
WorkloadResult  13: 8189392 op, 68154644.00 ns, 8.3223 ns/op
WorkloadResult  14: 8189392 op, 70154841.00 ns, 8.5666 ns/op
WorkloadResult  15: 8189392 op, 66078102.00 ns, 8.0687 ns/op
WorkloadResult  16: 8189392 op, 68786751.00 ns, 8.3995 ns/op
WorkloadResult  17: 8189392 op, 71174262.00 ns, 8.6910 ns/op
WorkloadResult  18: 8189392 op, 69198861.00 ns, 8.4498 ns/op
WorkloadResult  19: 8189392 op, 65513273.00 ns, 7.9998 ns/op
WorkloadResult  20: 8189392 op, 69508588.00 ns, 8.4876 ns/op
WorkloadResult  21: 8189392 op, 62153701.00 ns, 7.5895 ns/op
WorkloadResult  22: 8189392 op, 66029470.00 ns, 8.0628 ns/op
WorkloadResult  23: 8189392 op, 66270336.00 ns, 8.0922 ns/op
WorkloadResult  24: 8189392 op, 62523872.00 ns, 7.6347 ns/op
WorkloadResult  25: 8189392 op, 72641589.00 ns, 8.8702 ns/op
WorkloadResult  26: 8189392 op, 61422186.00 ns, 7.5002 ns/op
WorkloadResult  27: 8189392 op, 60802343.00 ns, 7.4245 ns/op
WorkloadResult  28: 8189392 op, 62033073.00 ns, 7.5748 ns/op
WorkloadResult  29: 8189392 op, 62109487.00 ns, 7.5841 ns/op
WorkloadResult  30: 8189392 op, 69870864.00 ns, 8.5319 ns/op
WorkloadResult  31: 8189392 op, 69526431.00 ns, 8.4898 ns/op
WorkloadResult  32: 8189392 op, 68007185.00 ns, 8.3043 ns/op
WorkloadResult  33: 8189392 op, 67715251.00 ns, 8.2687 ns/op
WorkloadResult  34: 8189392 op, 64264749.00 ns, 7.8473 ns/op
WorkloadResult  35: 8189392 op, 63825066.00 ns, 7.7936 ns/op
WorkloadResult  36: 8189392 op, 63946075.00 ns, 7.8084 ns/op
WorkloadResult  37: 8189392 op, 66616291.00 ns, 8.1345 ns/op
WorkloadResult  38: 8189392 op, 64422747.00 ns, 7.8666 ns/op
WorkloadResult  39: 8189392 op, 65379339.00 ns, 7.9834 ns/op
WorkloadResult  40: 8189392 op, 65100370.00 ns, 7.9494 ns/op
WorkloadResult  41: 8189392 op, 65541155.00 ns, 8.0032 ns/op
WorkloadResult  42: 8189392 op, 64533347.00 ns, 7.8801 ns/op
WorkloadResult  43: 8189392 op, 63070207.00 ns, 7.7015 ns/op
WorkloadResult  44: 8189392 op, 60992442.00 ns, 7.4477 ns/op
WorkloadResult  45: 8189392 op, 64578943.00 ns, 7.8857 ns/op
WorkloadResult  46: 8189392 op, 68285391.00 ns, 8.3383 ns/op
WorkloadResult  47: 8189392 op, 62165944.00 ns, 7.5910 ns/op
WorkloadResult  48: 8189392 op, 64100076.00 ns, 7.8272 ns/op
WorkloadResult  49: 8189392 op, 65246758.00 ns, 7.9672 ns/op
WorkloadResult  50: 8189392 op, 65036650.00 ns, 7.9416 ns/op
WorkloadResult  51: 8189392 op, 64368044.00 ns, 7.8599 ns/op
WorkloadResult  52: 8189392 op, 61753113.00 ns, 7.5406 ns/op
WorkloadResult  53: 8189392 op, 60559472.00 ns, 7.3949 ns/op
WorkloadResult  54: 8189392 op, 60909175.00 ns, 7.4376 ns/op
WorkloadResult  55: 8189392 op, 60717863.00 ns, 7.4142 ns/op
WorkloadResult  56: 8189392 op, 65965659.00 ns, 8.0550 ns/op
WorkloadResult  57: 8189392 op, 65724572.00 ns, 8.0256 ns/op
WorkloadResult  58: 8189392 op, 64380798.00 ns, 7.8615 ns/op
WorkloadResult  59: 8189392 op, 65932015.00 ns, 8.0509 ns/op
// GC:  46 0 0 393090816 8189392
// Threading:  0 0 8189392

// AfterAll
// Benchmark Process 11209 has exited with code 0.

Mean = 8.083 ns, StdErr = 0.058 ns (0.71%), N = 59, StdDev = 0.443 ns
Min = 7.395 ns, Q1 = 7.818 ns, Median = 8.026 ns, Q3 = 8.369 ns, Max = 9.222 ns
IQR = 0.551 ns, LowerFence = 6.991 ns, UpperFence = 9.196 ns
ConfidenceInterval = [7.883 ns; 8.283 ns] (CI 99.9%), Margin = 0.200 ns (2.47% of Mean)
Skewness = 0.58, Kurtosis = 3, MValue = 2.09

// ** Remained 85 (93.4%) benchmark(s) to run. Estimated finish 2026-03-01 9:58 (0h 7m from now) **
// **************************
// Benchmark: Scenario1.S1_CheckOptionStringErrorNoMessage_SimpleResults: .NET 10.0(Runtime=.NET 10.0, IterationTime=100ms) [Iterations=2]
// *** Execute ***
// Launch: 1 / 1
// Execute: dotnet "Enumerations.Options.Benchmarks-.NET 10.0-1.dll" --anonymousPipes 116 118 --benchmarkName "ReillyDigital.Enumerations.Options.Benchmarks.Scenarios.Scenario1.S1_CheckOptionStringErrorNoMessage_SimpleResults(Iterations: 2)" --job ".NET 10.0" --benchmarkId 6 in /media/andrew/Slowverflow/x/devs/reilly-digital/dotnet/enumerations.options/src/Enumerations.Options.Benchmarks/bin/Debug/net10.0/Enumerations.Options.Benchmarks-.NET 10.0-1/bin/Release/net10.0
// Failed to set up high priority (Permission denied). In order to run benchmarks with high priority, make sure you have the right permissions.
// BeforeAnythingElse

// Benchmark Process Environment Information:
// BenchmarkDotNet v0.15.8
// Runtime=.NET 10.0.3 (10.0.3, 10.0.326.7603), X64 RyuJIT x86-64-v3
// GC=Concurrent Workstation
// HardwareIntrinsics=AVX2+BMI1+BMI2+F16C+FMA+LZCNT+MOVBE,AVX,SSE3+SSSE3+SSE4.1+SSE4.2+POPCNT,X86Base+SSE+SSE2,AES+PCLMUL VectorSize=256
// Job: .NET 10.0(IterationTime=100ms)

OverheadJitting  1: 1 op, 166115.00 ns, 166.1150 us/op
WorkloadJitting  1: 1 op, 8604622.00 ns, 8.6046 ms/op

WorkloadPilot    1: 4 op, 7274.00 ns, 1.8185 us/op
WorkloadPilot    2: 54990 op, 58094520.00 ns, 1.0565 us/op
WorkloadPilot    3: 94656 op, 91441862.00 ns, 966.0440 ns/op
WorkloadPilot    4: 103515 op, 55602972.00 ns, 537.1489 ns/op
WorkloadPilot    5: 186168 op, 48363164.00 ns, 259.7824 ns/op
WorkloadPilot    6: 384938 op, 101558127.00 ns, 263.8298 ns/op
WorkloadPilot    7: 379032 op, 95406690.00 ns, 251.7114 ns/op
WorkloadPilot    8: 397280 op, 103042899.00 ns, 259.3710 ns/op
WorkloadPilot    9: 385548 op, 97339359.00 ns, 252.4701 ns/op
WorkloadPilot   10: 396086 op, 103057576.00 ns, 260.1899 ns/op

WorkloadWarmup   1: 396086 op, 101152710.00 ns, 255.3807 ns/op
WorkloadWarmup   2: 396086 op, 102309049.00 ns, 258.3001 ns/op
WorkloadWarmup   3: 396086 op, 104497022.00 ns, 263.8241 ns/op
WorkloadWarmup   4: 396086 op, 108519959.00 ns, 273.9808 ns/op
WorkloadWarmup   5: 396086 op, 103691597.00 ns, 261.7906 ns/op
WorkloadWarmup   6: 396086 op, 99466096.00 ns, 251.1225 ns/op
WorkloadWarmup   7: 396086 op, 101382154.00 ns, 255.9600 ns/op
WorkloadWarmup   8: 396086 op, 99627230.00 ns, 251.5293 ns/op

// BeforeActualRun
WorkloadActual   1: 396086 op, 99042173.00 ns, 250.0522 ns/op
WorkloadActual   2: 396086 op, 99360836.00 ns, 250.8567 ns/op
WorkloadActual   3: 396086 op, 99820657.00 ns, 252.0176 ns/op
WorkloadActual   4: 396086 op, 101547677.00 ns, 256.3778 ns/op
WorkloadActual   5: 396086 op, 99291094.00 ns, 250.6806 ns/op
WorkloadActual   6: 396086 op, 98334463.00 ns, 248.2654 ns/op
WorkloadActual   7: 396086 op, 104191143.00 ns, 263.0518 ns/op
WorkloadActual   8: 396086 op, 100892947.00 ns, 254.7249 ns/op
WorkloadActual   9: 396086 op, 101494076.00 ns, 256.2425 ns/op
WorkloadActual  10: 396086 op, 99730507.00 ns, 251.7900 ns/op
WorkloadActual  11: 396086 op, 103514531.00 ns, 261.3436 ns/op
WorkloadActual  12: 396086 op, 104805766.00 ns, 264.6036 ns/op
WorkloadActual  13: 396086 op, 105892494.00 ns, 267.3472 ns/op
WorkloadActual  14: 396086 op, 103583973.00 ns, 261.5189 ns/op
WorkloadActual  15: 396086 op, 105956104.00 ns, 267.5078 ns/op
WorkloadActual  16: 396086 op, 105700781.00 ns, 266.8632 ns/op
WorkloadActual  17: 396086 op, 102333465.00 ns, 258.3617 ns/op
WorkloadActual  18: 396086 op, 101069282.00 ns, 255.1700 ns/op
WorkloadActual  19: 396086 op, 102471456.00 ns, 258.7101 ns/op
WorkloadActual  20: 396086 op, 100891705.00 ns, 254.7217 ns/op
WorkloadActual  21: 396086 op, 130853537.00 ns, 330.3665 ns/op
WorkloadActual  22: 396086 op, 108875302.00 ns, 274.8779 ns/op
WorkloadActual  23: 396086 op, 105101746.00 ns, 265.3508 ns/op
WorkloadActual  24: 396086 op, 105118889.00 ns, 265.3941 ns/op
WorkloadActual  25: 396086 op, 106572482.00 ns, 269.0640 ns/op
WorkloadActual  26: 396086 op, 102898274.00 ns, 259.7877 ns/op
WorkloadActual  27: 396086 op, 102773448.00 ns, 259.4726 ns/op

// AfterActualRun
WorkloadResult   1: 396086 op, 99042173.00 ns, 250.0522 ns/op
WorkloadResult   2: 396086 op, 99360836.00 ns, 250.8567 ns/op
WorkloadResult   3: 396086 op, 99820657.00 ns, 252.0176 ns/op
WorkloadResult   4: 396086 op, 101547677.00 ns, 256.3778 ns/op
WorkloadResult   5: 396086 op, 99291094.00 ns, 250.6806 ns/op
WorkloadResult   6: 396086 op, 98334463.00 ns, 248.2654 ns/op
WorkloadResult   7: 396086 op, 104191143.00 ns, 263.0518 ns/op
WorkloadResult   8: 396086 op, 100892947.00 ns, 254.7249 ns/op
WorkloadResult   9: 396086 op, 101494076.00 ns, 256.2425 ns/op
WorkloadResult  10: 396086 op, 99730507.00 ns, 251.7900 ns/op
WorkloadResult  11: 396086 op, 103514531.00 ns, 261.3436 ns/op
WorkloadResult  12: 396086 op, 104805766.00 ns, 264.6036 ns/op
WorkloadResult  13: 396086 op, 105892494.00 ns, 267.3472 ns/op
WorkloadResult  14: 396086 op, 103583973.00 ns, 261.5189 ns/op
WorkloadResult  15: 396086 op, 105956104.00 ns, 267.5078 ns/op
WorkloadResult  16: 396086 op, 105700781.00 ns, 266.8632 ns/op
WorkloadResult  17: 396086 op, 102333465.00 ns, 258.3617 ns/op
WorkloadResult  18: 396086 op, 101069282.00 ns, 255.1700 ns/op
WorkloadResult  19: 396086 op, 102471456.00 ns, 258.7101 ns/op
WorkloadResult  20: 396086 op, 100891705.00 ns, 254.7217 ns/op
WorkloadResult  21: 396086 op, 108875302.00 ns, 274.8779 ns/op
WorkloadResult  22: 396086 op, 105101746.00 ns, 265.3508 ns/op
WorkloadResult  23: 396086 op, 105118889.00 ns, 265.3941 ns/op
WorkloadResult  24: 396086 op, 106572482.00 ns, 269.0640 ns/op
WorkloadResult  25: 396086 op, 102898274.00 ns, 259.7877 ns/op
WorkloadResult  26: 396086 op, 102773448.00 ns, 259.4726 ns/op
// GC:  8 0 0 69711136 396086
// Threading:  0 0 396086

// AfterAll
// Benchmark Process 11244 has exited with code 0.

Mean = 259.391 ns, StdErr = 1.355 ns (0.52%), N = 26, StdDev = 6.907 ns
Min = 248.265 ns, Q1 = 254.722 ns, Median = 259.091 ns, Q3 = 265.164 ns, Max = 274.878 ns
IQR = 10.442 ns, LowerFence = 239.060 ns, UpperFence = 280.826 ns
ConfidenceInterval = [254.344 ns; 264.437 ns] (CI 99.9%), Margin = 5.046 ns (1.95% of Mean)
Skewness = 0.24, Kurtosis = 2.08, MValue = 2

// ** Remained 84 (92.3%) benchmark(s) to run. Estimated finish 2026-03-01 9:58 (0h 7m from now) **
// **************************
// Benchmark: Scenario1.S1_CheckOptionStringErrorWithMessage_ArdalisResult: .NET 10.0(Runtime=.NET 10.0, IterationTime=100ms) [Iterations=2]
// *** Execute ***
// Launch: 1 / 1
// Execute: dotnet "Enumerations.Options.Benchmarks-.NET 10.0-1.dll" --anonymousPipes 116 118 --benchmarkName "ReillyDigital.Enumerations.Options.Benchmarks.Scenarios.Scenario1.S1_CheckOptionStringErrorWithMessage_ArdalisResult(Iterations: 2)" --job ".NET 10.0" --benchmarkId 7 in /media/andrew/Slowverflow/x/devs/reilly-digital/dotnet/enumerations.options/src/Enumerations.Options.Benchmarks/bin/Debug/net10.0/Enumerations.Options.Benchmarks-.NET 10.0-1/bin/Release/net10.0
// Failed to set up high priority (Permission denied). In order to run benchmarks with high priority, make sure you have the right permissions.
// BeforeAnythingElse

// Benchmark Process Environment Information:
// BenchmarkDotNet v0.15.8
// Runtime=.NET 10.0.3 (10.0.3, 10.0.326.7603), X64 RyuJIT x86-64-v3
// GC=Concurrent Workstation
// HardwareIntrinsics=AVX2+BMI1+BMI2+F16C+FMA+LZCNT+MOVBE,AVX,SSE3+SSSE3+SSE4.1+SSE4.2+POPCNT,X86Base+SSE+SSE2,AES+PCLMUL VectorSize=256
// Job: .NET 10.0(IterationTime=100ms)

OverheadJitting  1: 1 op, 161315.00 ns, 161.3150 us/op
WorkloadJitting  1: 1 op, 3827507.00 ns, 3.8275 ms/op

OverheadJitting  2: 16 op, 210458.00 ns, 13.1536 us/op
WorkloadJitting  2: 16 op, 214857.00 ns, 13.4286 us/op

WorkloadPilot    1: 16 op, 5611.00 ns, 350.6875 ns/op
WorkloadPilot    2: 285168 op, 64656695.00 ns, 226.7319 ns/op
WorkloadPilot    3: 441056 op, 92965638.00 ns, 210.7797 ns/op
WorkloadPilot    4: 474432 op, 50284272.00 ns, 105.9884 ns/op
WorkloadPilot    5: 943504 op, 44303938.00 ns, 46.9568 ns/op
WorkloadPilot    6: 2129632 op, 105251791.00 ns, 49.4225 ns/op
WorkloadPilot    7: 2023376 op, 89766831.00 ns, 44.3649 ns/op
WorkloadPilot    8: 2254048 op, 100101128.00 ns, 44.4095 ns/op
WorkloadPilot    9: 2251776 op, 105325250.00 ns, 46.7743 ns/op

OverheadWarmup   1: 2251776 op, 5771017.00 ns, 2.5629 ns/op
OverheadWarmup   2: 2251776 op, 5723888.00 ns, 2.5419 ns/op
OverheadWarmup   3: 2251776 op, 5730080.00 ns, 2.5447 ns/op
OverheadWarmup   4: 2251776 op, 5819970.00 ns, 2.5846 ns/op
OverheadWarmup   5: 2251776 op, 5683802.00 ns, 2.5241 ns/op
OverheadWarmup   6: 2251776 op, 5730841.00 ns, 2.5450 ns/op
OverheadWarmup   7: 2251776 op, 5853453.00 ns, 2.5995 ns/op
OverheadWarmup   8: 2251776 op, 5747843.00 ns, 2.5526 ns/op

OverheadActual   1: 2251776 op, 5730621.00 ns, 2.5449 ns/op
OverheadActual   2: 2251776 op, 5740890.00 ns, 2.5495 ns/op
OverheadActual   3: 2251776 op, 5666138.00 ns, 2.5163 ns/op
OverheadActual   4: 2251776 op, 5724058.00 ns, 2.5420 ns/op
OverheadActual   5: 2251776 op, 5789903.00 ns, 2.5713 ns/op
OverheadActual   6: 2251776 op, 5726452.00 ns, 2.5431 ns/op
OverheadActual   7: 2251776 op, 5739939.00 ns, 2.5491 ns/op
OverheadActual   8: 2251776 op, 5672851.00 ns, 2.5193 ns/op
OverheadActual   9: 2251776 op, 5774143.00 ns, 2.5643 ns/op
OverheadActual  10: 2251776 op, 5723347.00 ns, 2.5417 ns/op
OverheadActual  11: 2251776 op, 5631202.00 ns, 2.5008 ns/op
OverheadActual  12: 2251776 op, 5680175.00 ns, 2.5225 ns/op
OverheadActual  13: 2251776 op, 5864283.00 ns, 2.6043 ns/op
OverheadActual  14: 2251776 op, 5723677.00 ns, 2.5419 ns/op
OverheadActual  15: 2251776 op, 5648134.00 ns, 2.5083 ns/op

WorkloadWarmup   1: 2251776 op, 107561013.00 ns, 47.7672 ns/op
WorkloadWarmup   2: 2251776 op, 107995977.00 ns, 47.9604 ns/op
WorkloadWarmup   3: 2251776 op, 104615476.00 ns, 46.4591 ns/op
WorkloadWarmup   4: 2251776 op, 109285949.00 ns, 48.5332 ns/op
WorkloadWarmup   5: 2251776 op, 141997768.00 ns, 63.0603 ns/op
WorkloadWarmup   6: 2251776 op, 102108850.00 ns, 45.3459 ns/op

// BeforeActualRun
WorkloadActual   1: 2251776 op, 111659053.00 ns, 49.5871 ns/op
WorkloadActual   2: 2251776 op, 118190710.00 ns, 52.4878 ns/op
WorkloadActual   3: 2251776 op, 108989808.00 ns, 48.4017 ns/op
WorkloadActual   4: 2251776 op, 111069787.00 ns, 49.3254 ns/op
WorkloadActual   5: 2251776 op, 105053776.00 ns, 46.6537 ns/op
WorkloadActual   6: 2251776 op, 104845862.00 ns, 46.5614 ns/op
WorkloadActual   7: 2251776 op, 103510293.00 ns, 45.9683 ns/op
WorkloadActual   8: 2251776 op, 104558979.00 ns, 46.4340 ns/op
WorkloadActual   9: 2251776 op, 102352411.00 ns, 45.4541 ns/op
WorkloadActual  10: 2251776 op, 103300716.00 ns, 45.8752 ns/op
WorkloadActual  11: 2251776 op, 103365780.00 ns, 45.9041 ns/op
WorkloadActual  12: 2251776 op, 103673202.00 ns, 46.0406 ns/op
WorkloadActual  13: 2251776 op, 103260560.00 ns, 45.8574 ns/op
WorkloadActual  14: 2251776 op, 102678468.00 ns, 45.5989 ns/op
WorkloadActual  15: 2251776 op, 102618505.00 ns, 45.5723 ns/op
WorkloadActual  16: 2251776 op, 102239086.00 ns, 45.4038 ns/op
WorkloadActual  17: 2251776 op, 103829918.00 ns, 46.1102 ns/op

// AfterActualRun
WorkloadResult   1: 2251776 op, 99329718.00 ns, 44.1117 ns/op
WorkloadResult   2: 2251776 op, 99121804.00 ns, 44.0194 ns/op
WorkloadResult   3: 2251776 op, 97786235.00 ns, 43.4263 ns/op
WorkloadResult   4: 2251776 op, 98834921.00 ns, 43.8920 ns/op
WorkloadResult   5: 2251776 op, 96628353.00 ns, 42.9121 ns/op
WorkloadResult   6: 2251776 op, 97576658.00 ns, 43.3332 ns/op
WorkloadResult   7: 2251776 op, 97641722.00 ns, 43.3621 ns/op
WorkloadResult   8: 2251776 op, 97949144.00 ns, 43.4986 ns/op
WorkloadResult   9: 2251776 op, 97536502.00 ns, 43.3154 ns/op
WorkloadResult  10: 2251776 op, 96954410.00 ns, 43.0569 ns/op
WorkloadResult  11: 2251776 op, 96894447.00 ns, 43.0302 ns/op
WorkloadResult  12: 2251776 op, 96515028.00 ns, 42.8617 ns/op
WorkloadResult  13: 2251776 op, 98105860.00 ns, 43.5682 ns/op
// GC:  55 0 0 468369408 2251776
// Threading:  0 0 2251776

// AfterAll
// Benchmark Process 11279 has exited with code 0.

Mean = 43.414 ns, StdErr = 0.112 ns (0.26%), N = 13, StdDev = 0.405 ns
Min = 42.862 ns, Q1 = 43.057 ns, Median = 43.362 ns, Q3 = 43.568 ns, Max = 44.112 ns
IQR = 0.511 ns, LowerFence = 42.290 ns, UpperFence = 44.335 ns
ConfidenceInterval = [42.930 ns; 43.899 ns] (CI 99.9%), Margin = 0.484 ns (1.12% of Mean)
Skewness = 0.32, Kurtosis = 1.78, MValue = 2

// ** Remained 83 (91.2%) benchmark(s) to run. Estimated finish 2026-03-01 9:58 (0h 6m from now) **
// **************************
// Benchmark: Scenario1.S1_CheckOptionStringErrorWithMessage_EnumerationsOptionsBoxed: .NET 10.0(Runtime=.NET 10.0, IterationTime=100ms) [Iterations=2]
// *** Execute ***
// Launch: 1 / 1
// Execute: dotnet "Enumerations.Options.Benchmarks-.NET 10.0-1.dll" --anonymousPipes 116 118 --benchmarkName "ReillyDigital.Enumerations.Options.Benchmarks.Scenarios.Scenario1.S1_CheckOptionStringErrorWithMessage_EnumerationsOptionsBoxed(Iterations: 2)" --job ".NET 10.0" --benchmarkId 8 in /media/andrew/Slowverflow/x/devs/reilly-digital/dotnet/enumerations.options/src/Enumerations.Options.Benchmarks/bin/Debug/net10.0/Enumerations.Options.Benchmarks-.NET 10.0-1/bin/Release/net10.0
// Failed to set up high priority (Permission denied). In order to run benchmarks with high priority, make sure you have the right permissions.
// BeforeAnythingElse

// Benchmark Process Environment Information:
// BenchmarkDotNet v0.15.8
// Runtime=.NET 10.0.3 (10.0.3, 10.0.326.7603), X64 RyuJIT x86-64-v3
// GC=Concurrent Workstation
// HardwareIntrinsics=AVX2+BMI1+BMI2+F16C+FMA+LZCNT+MOVBE,AVX,SSE3+SSSE3+SSE4.1+SSE4.2+POPCNT,X86Base+SSE+SSE2,AES+PCLMUL VectorSize=256
// Job: .NET 10.0(IterationTime=100ms)

OverheadJitting  1: 1 op, 151717.00 ns, 151.7170 us/op
WorkloadJitting  1: 1 op, 3610336.00 ns, 3.6103 ms/op

OverheadJitting  2: 16 op, 248771.00 ns, 15.5482 us/op
WorkloadJitting  2: 16 op, 214256.00 ns, 13.3910 us/op

WorkloadPilot    1: 16 op, 3938.00 ns, 246.1250 ns/op
WorkloadPilot    2: 406304 op, 52952123.00 ns, 130.3264 ns/op
WorkloadPilot    3: 767312 op, 94492188.00 ns, 123.1470 ns/op
WorkloadPilot    4: 812048 op, 54525161.00 ns, 67.1452 ns/op
WorkloadPilot    5: 1489312 op, 35500789.00 ns, 23.8370 ns/op
WorkloadPilot    6: 4195152 op, 92794794.00 ns, 22.1195 ns/op
WorkloadPilot    7: 4520896 op, 102854572.00 ns, 22.7509 ns/op
WorkloadPilot    8: 4395440 op, 101591941.00 ns, 23.1130 ns/op
WorkloadPilot    9: 4326576 op, 102935936.00 ns, 23.7915 ns/op

OverheadWarmup   1: 4326576 op, 11046496.00 ns, 2.5532 ns/op
OverheadWarmup   2: 4326576 op, 10821120.00 ns, 2.5011 ns/op
OverheadWarmup   3: 4326576 op, 10994888.00 ns, 2.5412 ns/op
OverheadWarmup   4: 4326576 op, 11003715.00 ns, 2.5433 ns/op
OverheadWarmup   5: 4326576 op, 10994127.00 ns, 2.5411 ns/op
OverheadWarmup   6: 4326576 op, 10796543.00 ns, 2.4954 ns/op
OverheadWarmup   7: 4326576 op, 10825849.00 ns, 2.5022 ns/op
OverheadWarmup   8: 4326576 op, 11106820.00 ns, 2.5671 ns/op
OverheadWarmup   9: 4326576 op, 10966725.00 ns, 2.5347 ns/op

OverheadActual   1: 4326576 op, 11017100.00 ns, 2.5464 ns/op
OverheadActual   2: 4326576 op, 10938261.00 ns, 2.5282 ns/op
OverheadActual   3: 4326576 op, 10911781.00 ns, 2.5220 ns/op
OverheadActual   4: 4326576 op, 10822121.00 ns, 2.5013 ns/op
OverheadActual   5: 4326576 op, 10863720.00 ns, 2.5109 ns/op
OverheadActual   6: 4326576 op, 10925868.00 ns, 2.5253 ns/op
OverheadActual   7: 4326576 op, 10808546.00 ns, 2.4982 ns/op
OverheadActual   8: 4326576 op, 11214745.00 ns, 2.5921 ns/op
OverheadActual   9: 4326576 op, 10943161.00 ns, 2.5293 ns/op
OverheadActual  10: 4326576 op, 10975261.00 ns, 2.5367 ns/op
OverheadActual  11: 4326576 op, 10925477.00 ns, 2.5252 ns/op
OverheadActual  12: 4326576 op, 11000288.00 ns, 2.5425 ns/op
OverheadActual  13: 4326576 op, 11144332.00 ns, 2.5758 ns/op
OverheadActual  14: 4326576 op, 11057056.00 ns, 2.5556 ns/op
OverheadActual  15: 4326576 op, 11149932.00 ns, 2.5771 ns/op

WorkloadWarmup   1: 4326576 op, 100846389.00 ns, 23.3086 ns/op
WorkloadWarmup   2: 4326576 op, 108691042.00 ns, 25.1217 ns/op
WorkloadWarmup   3: 4326576 op, 103168226.00 ns, 23.8452 ns/op
WorkloadWarmup   4: 4326576 op, 107485050.00 ns, 24.8430 ns/op
WorkloadWarmup   5: 4326576 op, 101588805.00 ns, 23.4802 ns/op
WorkloadWarmup   6: 4326576 op, 103330442.00 ns, 23.8827 ns/op

// BeforeActualRun
WorkloadActual   1: 4326576 op, 112498893.00 ns, 26.0018 ns/op
WorkloadActual   2: 4326576 op, 111266028.00 ns, 25.7169 ns/op
WorkloadActual   3: 4326576 op, 103825330.00 ns, 23.9971 ns/op
WorkloadActual   4: 4326576 op, 104582353.00 ns, 24.1721 ns/op
WorkloadActual   5: 4326576 op, 99906250.00 ns, 23.0913 ns/op
WorkloadActual   6: 4326576 op, 100245642.00 ns, 23.1697 ns/op
WorkloadActual   7: 4326576 op, 100247325.00 ns, 23.1701 ns/op
WorkloadActual   8: 4326576 op, 99770503.00 ns, 23.0599 ns/op
WorkloadActual   9: 4326576 op, 105675643.00 ns, 24.4248 ns/op
WorkloadActual  10: 4326576 op, 106364898.00 ns, 24.5841 ns/op
WorkloadActual  11: 4326576 op, 115618721.00 ns, 26.7229 ns/op
WorkloadActual  12: 4326576 op, 112592480.00 ns, 26.0235 ns/op
WorkloadActual  13: 4326576 op, 101717589.00 ns, 23.5100 ns/op
WorkloadActual  14: 4326576 op, 101431508.00 ns, 23.4438 ns/op
